Archive member included to satisfy reference by file (symbol)

/usr/lib/gcc/arm-none-eabi/14.2.0/thumb/v6-m/nofp/libgcc.a(_dvmd_tls.o)
                              CMakeFiles/rp2040_visualiser.dir/home/john/.pico/pico-sdk/src/rp2_common/pico_divider/divider_hardware.S.o (__aeabi_idiv0)
/usr/lib/gcc/arm-none-eabi/14.2.0/../../../../arm-none-eabi/lib/thumb/v6-m/nofp/libg.a(libc_a-atexit.o)
                              /usr/lib/gcc/arm-none-eabi/14.2.0/../../../../arm-none-eabi/lib/thumb/v6-m/nofp/crt0.o (atexit)
/usr/lib/gcc/arm-none-eabi/14.2.0/../../../../arm-none-eabi/lib/thumb/v6-m/nofp/libg.a(libc_a-calloc.o)
                              CMakeFiles/rp2040_visualiser.dir/home/john/.pico/pico-sdk/src/rp2_common/pico_malloc/malloc.c.o (calloc)
/usr/lib/gcc/arm-none-eabi/14.2.0/../../../../arm-none-eabi/lib/thumb/v6-m/nofp/libg.a(libc_a-callocr.o)
                              /usr/lib/gcc/arm-none-eabi/14.2.0/../../../../arm-none-eabi/lib/thumb/v6-m/nofp/libg.a(libc_a-calloc.o) (_calloc_r)
/usr/lib/gcc/arm-none-eabi/14.2.0/../../../../arm-none-eabi/lib/thumb/v6-m/nofp/libg.a(libc_a-malloc.o)
                              CMakeFiles/rp2040_visualiser.dir/home/john/.pico/pico-sdk/src/rp2_common/pico_malloc/malloc.c.o (malloc)
/usr/lib/gcc/arm-none-eabi/14.2.0/../../../../arm-none-eabi/lib/thumb/v6-m/nofp/libg.a(libc_a-mallocr.o)
                              /usr/lib/gcc/arm-none-eabi/14.2.0/../../../../arm-none-eabi/lib/thumb/v6-m/nofp/libg.a(libc_a-callocr.o) (_malloc_r)
/usr/lib/gcc/arm-none-eabi/14.2.0/../../../../arm-none-eabi/lib/thumb/v6-m/nofp/libg.a(libc_a-mlock.o)
                              /usr/lib/gcc/arm-none-eabi/14.2.0/../../../../arm-none-eabi/lib/thumb/v6-m/nofp/libg.a(libc_a-mallocr.o) (__malloc_lock)
/usr/lib/gcc/arm-none-eabi/14.2.0/../../../../arm-none-eabi/lib/thumb/v6-m/nofp/libg.a(libc_a-realloc.o)
                              CMakeFiles/rp2040_visualiser.dir/home/john/.pico/pico-sdk/src/rp2_common/pico_malloc/malloc.c.o (realloc)
/usr/lib/gcc/arm-none-eabi/14.2.0/../../../../arm-none-eabi/lib/thumb/v6-m/nofp/libg.a(libc_a-reallocr.o)
                              /usr/lib/gcc/arm-none-eabi/14.2.0/../../../../arm-none-eabi/lib/thumb/v6-m/nofp/libg.a(libc_a-realloc.o) (_realloc_r)
/usr/lib/gcc/arm-none-eabi/14.2.0/../../../../arm-none-eabi/lib/thumb/v6-m/nofp/libg.a(libc_a-memcmp.o)
                              CMakeFiles/rp2040_visualiser.dir/home/john/.pico/pico-sdk/src/rp2_common/pico_atomic/atomic.c.o (memcmp)
/usr/lib/gcc/arm-none-eabi/14.2.0/../../../../arm-none-eabi/lib/thumb/v6-m/nofp/libg.a(libc_a-memmove.o)
                              /usr/lib/gcc/arm-none-eabi/14.2.0/../../../../arm-none-eabi/lib/thumb/v6-m/nofp/libg.a(libc_a-reallocr.o) (memmove)
/usr/lib/gcc/arm-none-eabi/14.2.0/../../../../arm-none-eabi/lib/thumb/v6-m/nofp/libg.a(libc_a-lcltime_r.o)
                              CMakeFiles/rp2040_visualiser.dir/home/john/.pico/pico-sdk/src/common/pico_util/datetime.c.o (localtime_r)
/usr/lib/gcc/arm-none-eabi/14.2.0/../../../../arm-none-eabi/lib/thumb/v6-m/nofp/libg.a(libc_a-mktime.o)
                              CMakeFiles/rp2040_visualiser.dir/home/john/.pico/pico-sdk/src/common/pico_util/datetime.c.o (mktime)
/usr/lib/gcc/arm-none-eabi/14.2.0/../../../../arm-none-eabi/lib/thumb/v6-m/nofp/libg.a(libc_a-month_lengths.o)
                              /usr/lib/gcc/arm-none-eabi/14.2.0/../../../../arm-none-eabi/lib/thumb/v6-m/nofp/libg.a(libc_a-lcltime_r.o) (__month_lengths)
/usr/lib/gcc/arm-none-eabi/14.2.0/../../../../arm-none-eabi/lib/thumb/v6-m/nofp/libg.a(libc_a-tzcalc_limits.o)
                              /usr/lib/gcc/arm-none-eabi/14.2.0/../../../../arm-none-eabi/lib/thumb/v6-m/nofp/libg.a(libc_a-lcltime_r.o) (__tzcalc_limits)
/usr/lib/gcc/arm-none-eabi/14.2.0/../../../../arm-none-eabi/lib/thumb/v6-m/nofp/libg.a(libc_a-tzlock.o)
                              /usr/lib/gcc/arm-none-eabi/14.2.0/../../../../arm-none-eabi/lib/thumb/v6-m/nofp/libg.a(libc_a-lcltime_r.o) (__tz_lock)
/usr/lib/gcc/arm-none-eabi/14.2.0/../../../../arm-none-eabi/lib/thumb/v6-m/nofp/libg.a(libc_a-tzset.o)
                              /usr/lib/gcc/arm-none-eabi/14.2.0/../../../../arm-none-eabi/lib/thumb/v6-m/nofp/libg.a(libc_a-lcltime_r.o) (_tzset_unlocked)
/usr/lib/gcc/arm-none-eabi/14.2.0/../../../../arm-none-eabi/lib/thumb/v6-m/nofp/libg.a(libc_a-tzset_r.o)
                              /usr/lib/gcc/arm-none-eabi/14.2.0/../../../../arm-none-eabi/lib/thumb/v6-m/nofp/libg.a(libc_a-tzset.o) (_tzset_unlocked_r)
/usr/lib/gcc/arm-none-eabi/14.2.0/../../../../arm-none-eabi/lib/thumb/v6-m/nofp/libg.a(libc_a-tzvars.o)
                              /usr/lib/gcc/arm-none-eabi/14.2.0/../../../../arm-none-eabi/lib/thumb/v6-m/nofp/libg.a(libc_a-tzset_r.o) (_timezone)
/usr/lib/gcc/arm-none-eabi/14.2.0/../../../../arm-none-eabi/lib/thumb/v6-m/nofp/libg.a(libc_a-impure.o)
[...]
Memory Configuration

Name             Origin             Length             Attributes
FLASH            0x10000000         0x00200000         xr
RAM              0x20000000         0x00040000         xrw
SCRATCH_X        0x20040000         0x00001000         xrw
SCRATCH_Y        0x20041000         0x00001000         xrw
*default*        0x00000000         0xffffffff

Linker script and memory map

LOAD /usr/lib/gcc/arm-none-eabi/14.2.0/thumb/v6-m/nofp/crti.o
LOAD /usr/lib/gcc/arm-none-eabi/14.2.0/thumb/v6-m/nofp/crtbegin.o
LOAD /usr/lib/gcc/arm-none-eabi/14.2.0/../../../../arm-none-eabi/lib/thumb/v6-m/nofp/crt0.o

.flash_begin    0x10000000        0x0
                0x10000000                        __flash_binary_start = .

.boot2          0x10000000      0x100
                0x10000000                        __boot2_start__ = .
 *(.boot2)
 .boot2         0x10000000      0x100 pico-sdk/src/rp2040/boot_stage2/CMakeFiles/bs2_default_library.dir/bs2_default_padded_checksummed.S.o
                0x10000100                        __boot2_end__ = .
                0x00000001                        ASSERT (((__boot2_end__ - __boot2_start__) == 0x100), ERROR: Pico second stage bootloader must be 256 bytes in size)

.text           0x10000100     0x5060
                0x10000100                        __logical_binary_start = .
 *(.vectors)
 .vectors       0x10000100       0xd4 CMakeFiles/rp2040_visualiser.dir/home/john/.pico/pico-sdk/src/rp2_common/pico_crt0/crt0.S.o
                0x10000100                __vectors
                0x10000100                __VECTOR_TABLE
                0x100001c0                isr_irq30
                0x100001c0                __unhandled_user_irq
                0x100001c0                isr_irq13
                0x100001c0                isr_irq27
                0x100001c0                isr_irq31
                0x100001c0                isr_irq5
                0x100001c0                isr_irq11
                0x100001c0                isr_irq23
                0x100001c0                isr_irq18
                0x100001c0                isr_irq28
                0x100001c0                isr_irq19
                0x100001c0                isr_irq0
                0x100001c0                isr_irq6
                0x100001c0                isr_irq22
                0x100001c0                isr_irq17
                0x100001c0                isr_irq14
                0x100001c0                __vectors_end
                0x100001c0                __default_isrs_start
                0x100001c0                isr_irq2
                0x100001c0                isr_irq10
                0x100001c0                isr_irq8
                0x100001c0                isr_irq24
                0x100001c0                isr_irq1
                0x100001c0                isr_irq7
                0x100001c0                isr_irq21
                0x100001c0                isr_irq20
                0x100001c0                isr_irq15
                0x100001c0                isr_irq25
                0x100001c0                isr_irq4
                0x100001c0                isr_irq16
                0x100001c0                isr_irq29
                0x100001c0                isr_irq26
                0x100001c0                isr_irq3
                0x100001c0                isr_irq12
                0x100001c0                isr_irq9
                0x100001c6                unhandled_user_irq_num_in_r0
                0x100001c8                isr_invalid
                0x100001ca                isr_nmi
                0x100001cc                isr_hardfault
                0x100001ce                isr_svcall
                0x100001d0                isr_pendsv
                0x100001d2                isr_systick
                0x100001d4                __default_isrs_end
 *(.binary_info_header)
 .binary_info_header
                0x100001d4       0x14 CMakeFiles/rp2040_visualiser.dir/home/john/.pico/pico-sdk/src/rp2_common/pico_crt0/crt0.S.o
                0x100001e8                        __binary_info_header_end = .
 *(.embedded_block)
                0x100001e8                        __embedded_block_end = .
 *(.reset)
 .reset         0x100001e8       0x9c CMakeFiles/rp2040_visualiser.dir/home/john/.pico/pico-sdk/src/rp2_common/pico_crt0/crt0.S.o
                0x100001e8                _entry_point
 *(.init)
 .init          0x10000284        0x4 /usr/lib/gcc/arm-none-eabi/14.2.0/thumb/v6-m/nofp/crti.o
                0x10000284                _init
 *(EXCLUDE_FILE(*libm.a: *libc.a:*lib_a-mem*.o *libgcc.a:) .text*)
 .text.frame_dummy
                0x10000288       0x20 /usr/lib/gcc/arm-none-eabi/14.2.0/thumb/v6-m/nofp/crtbegin.o
 .text.startup.main
                0x100002a8      0x54c CMakeFiles/rp2040_visualiser.dir/rp2040_visualiser.c.o
                0x100002a8                main
 .text.gpio_set_function
                0x100007f4       0x34 CMakeFiles/rp2040_visualiser.dir/home/john/.pico/pico-sdk/src/rp2_common/hardware_gpio/gpio.c.o
                0x100007f4                gpio_set_function
 .text.gpio_set_pulls
                0x10000828       0x28 CMakeFiles/rp2040_visualiser.dir/home/john/.pico/pico-sdk/src/rp2_common/hardware_gpio/gpio.c.o
                0x10000828                gpio_set_pulls
 .text.gpio_init
                0x10000850       0x40 CMakeFiles/rp2040_visualiser.dir/home/john/.pico/pico-sdk/src/rp2_common/hardware_gpio/gpio.c.o
                0x10000850                gpio_init
 .text.rp2040_chip_version
                0x10000890        0xc CMakeFiles/rp2040_visualiser.dir/home/john/.pico/pico-sdk/src/rp2040/pico_platform/platform.c.o
                0x10000890                rp2040_chip_version
 .text.panic    0x1000089c       0x30 CMakeFiles/rp2040_visualiser.dir/home/john/.pico/pico-sdk/src/rp2_common/pico_platform_panic/panic.c.o
                0x1000089c                panic
 .text.hw_claim_or_assert
                0x100008cc       0x44 CMakeFiles/rp2040_visualiser.dir/home/john/.pico/pico-sdk/src/common/hardware_claim/claim.c.o
                0x100008cc                hw_claim_or_assert
 .text.hw_claim_unused_from_range
                0x10000910       0x88 CMakeFiles/rp2040_visualiser.dir/home/john/.pico/pico-sdk/src/common/hardware_claim/claim.c.o
                0x10000910                hw_claim_unused_from_range
 .text.next_striped_spin_lock_num
                0x10000998       0x18 CMakeFiles/rp2040_visualiser.dir/home/john/.pico/pico-sdk/src/rp2_common/hardware_sync/sync.c.o
                0x10000998                next_striped_spin_lock_num
 .text.spin_lock_claim_unused
                0x100009b0       0x24 CMakeFiles/rp2040_visualiser.dir/home/john/.pico/pico-sdk/src/rp2_common/hardware_sync/sync.c.o
                0x100009b0                spin_lock_claim_unused
 .text.spin_locks_reset
                0x100009d4       0x1c CMakeFiles/rp2040_visualiser.dir/home/john/.pico/pico-sdk/src/rp2_common/hardware_sync_spin_lock/sync_spin_lock.c.o
                0x100009d4                spin_locks_reset
 .text.runtime_init_per_core_irq_priorities
                0x100009f0       0x24 CMakeFiles/rp2040_visualiser.dir/home/john/.pico/pico-sdk/src/rp2_common/hardware_irq/irq.c.o
                0x100009f0                runtime_init_per_core_irq_priorities
 .text.irq_set_enabled
                0x10000a14       0x24 CMakeFiles/rp2040_visualiser.dir/home/john/.pico/pico-sdk/src/rp2_common/hardware_irq/irq.c.o
                0x10000a14                irq_set_enabled
 .text.irq_is_enabled
                0x10000a38       0x18 CMakeFiles/rp2040_visualiser.dir/home/john/.pico/pico-sdk/src/rp2_common/hardware_irq/irq.c.o
                0x10000a38                irq_is_enabled
 .text.irq_set_pending
                0x10000a50       0x10 CMakeFiles/rp2040_visualiser.dir/home/john/.pico/pico-sdk/src/rp2_common/hardware_irq/irq.c.o
                0x10000a50                irq_set_pending
 .text.irq_has_shared_handler
                0x10000a60       0x24 CMakeFiles/rp2040_visualiser.dir/home/john/.pico/pico-sdk/src/rp2_common/hardware_irq/irq.c.o
                0x10000a60                irq_has_shared_handler
 .text.irq_set_exclusive_handler
                0x10000a84       0x54 CMakeFiles/rp2040_visualiser.dir/home/john/.pico/pico-sdk/src/rp2_common/hardware_irq/irq.c.o
                0x10000a84                irq_set_exclusive_handler
 .text.irq_add_shared_handler
                0x10000ad8      0x1f4 CMakeFiles/rp2040_visualiser.dir/home/john/.pico/pico-sdk/src/rp2_common/hardware_irq/irq.c.o
                0x10000ad8                irq_add_shared_handler
 .text.irq_add_tail_to_free_list
                0x10000ccc       0xb4 CMakeFiles/rp2040_visualiser.dir/home/john/.pico/pico-sdk/src/rp2_common/hardware_irq/irq.c.o
                0x10000ccc                irq_add_tail_to_free_list
 .text.user_irq_claim_unused
                0x10000d80       0x2c CMakeFiles/rp2040_visualiser.dir/home/john/.pico/pico-sdk/src/rp2_common/hardware_irq/irq.c.o
                0x10000d80                user_irq_claim_unused
 .text.lock_init
                0x10000dac       0x10 CMakeFiles/rp2040_visualiser.dir/home/john/.pico/pico-sdk/src/common/pico_sync/lock_core.c.o
                0x10000dac                lock_init
 .text.runtime_init_mutex
                0x10000dbc       0x50 CMakeFiles/rp2040_visualiser.dir/home/john/.pico/pico-sdk/src/common/pico_sync/mutex.c.o
                0x10000dbc                runtime_init_mutex
 .text.mutex_init
                0x10000e0c       0x1c CMakeFiles/rp2040_visualiser.dir/home/john/.pico/pico-sdk/src/common/pico_sync/mutex.c.o
                0x10000e0c                mutex_init
 .text.critical_section_init
                0x10000e28       0x1c CMakeFiles/rp2040_visualiser.dir/home/john/.pico/pico-sdk/src/common/pico_sync/critical_section.c.o
                0x10000e28                critical_section_init
 .text.critical_section_init_with_lock_num
                0x10000e44       0x14 CMakeFiles/rp2040_visualiser.dir/home/john/.pico/pico-sdk/src/common/pico_sync/critical_section.c.o
                0x10000e44                critical_section_init_with_lock_num
 .text.sleep_until_callback
                0x10000e58       0x30 CMakeFiles/rp2040_visualiser.dir/home/john/.pico/pico-sdk/src/common/pico_time/time.c.o
 .text.alarm_pool_irq_handler
                0x10000e88      0x300 CMakeFiles/rp2040_visualiser.dir/home/john/.pico/pico-sdk/src/common/pico_time/time.c.o
 .text.runtime_init_default_alarm_pool
                0x10001188       0xdc CMakeFiles/rp2040_visualiser.dir/home/john/.pico/pico-sdk/src/common/pico_time/time.c.o
                0x10001188                runtime_init_default_alarm_pool
 .text.alarm_pool_get_default
                0x10001264        0x8 CMakeFiles/rp2040_visualiser.dir/home/john/.pico/pico-sdk/src/common/pico_time/time.c.o
                0x10001264                alarm_pool_get_default
 .text.alarm_pool_add_alarm_at
                0x1000126c       0xd0 CMakeFiles/rp2040_visualiser.dir/home/john/.pico/pico-sdk/src/common/pico_time/time.c.o
                0x1000126c                alarm_pool_add_alarm_at
 .text.alarm_pool_add_alarm_at_force_in_context
                0x1000133c       0xb0 CMakeFiles/rp2040_visualiser.dir/home/john/.pico/pico-sdk/src/common/pico_time/time.c.o
                0x1000133c                alarm_pool_add_alarm_at_force_in_context
 .text.alarm_pool_cancel_alarm
                0x100013ec       0x74 CMakeFiles/rp2040_visualiser.dir/home/john/.pico/pico-sdk/src/common/pico_time/time.c.o
                0x100013ec                alarm_pool_cancel_alarm
 .text.alarm_pool_core_num
                0x10001460        0x4 CMakeFiles/rp2040_visualiser.dir/home/john/.pico/pico-sdk/src/common/pico_time/time.c.o
                0x10001460                alarm_pool_core_num
 .text.sleep_ms
                0x10001464       0xfc CMakeFiles/rp2040_visualiser.dir/home/john/.pico/pico-sdk/src/common/pico_time/time.c.o
                0x10001464                sleep_ms
 .text.best_effort_wfe_or_timeout
                0x10001560      0x10c CMakeFiles/rp2040_visualiser.dir/home/john/.pico/pico-sdk/src/common/pico_time/time.c.o
                0x10001560                best_effort_wfe_or_timeout
 .text.timer_hardware_alarm_claim
                0x1000166c       0x14 CMakeFiles/rp2040_visualiser.dir/home/john/.pico/pico-sdk/src/rp2_common/hardware_timer/timer.c.o
                0x1000166c                timer_hardware_alarm_claim
 .text.timer_time_us_64
                0x10001680       0x10 CMakeFiles/rp2040_visualiser.dir/home/john/.pico/pico-sdk/src/rp2_common/hardware_timer/timer.c.o
                0x10001680                timer_time_us_64
 .text.time_us_64
                0x10001690       0x14 CMakeFiles/rp2040_visualiser.dir/home/john/.pico/pico-sdk/src/rp2_common/hardware_timer/timer.c.o
                0x10001690                time_us_64
 .text.busy_wait_us
                0x100016a4       0x68 CMakeFiles/rp2040_visualiser.dir/home/john/.pico/pico-sdk/src/rp2_common/hardware_timer/timer.c.o
                0x100016a4                busy_wait_us
 .text.busy_wait_until
                0x1000170c       0x20 CMakeFiles/rp2040_visualiser.dir/home/john/.pico/pico-sdk/src/rp2_common/hardware_timer/timer.c.o
                0x1000170c                busy_wait_until
 .text.uart_init
                0x1000172c      0x120 CMakeFiles/rp2040_visualiser.dir/home/john/.pico/pico-sdk/src/rp2_common/hardware_uart/uart.c.o
                0x1000172c                uart_init
 .text.clock_configure_int_divider
                0x1000184c       0xf4 CMakeFiles/rp2040_visualiser.dir/home/john/.pico/pico-sdk/src/rp2_common/hardware_clocks/clocks.c.o
                0x1000184c                clock_configure_int_divider
 .text.clock_configure_undivided
                0x10001940       0xe8 CMakeFiles/rp2040_visualiser.dir/home/john/.pico/pico-sdk/src/rp2_common/hardware_clocks/clocks.c.o
                0x10001940                clock_configure_undivided
 .text.clock_get_hz
                0x10001a28        0xc CMakeFiles/rp2040_visualiser.dir/home/john/.pico/pico-sdk/src/rp2_common/hardware_clocks/clocks.c.o
                0x10001a28                clock_get_hz
 .text.pll_init
                0x10001a34       0xa4 CMakeFiles/rp2040_visualiser.dir/home/john/.pico/pico-sdk/src/rp2_common/hardware_pll/pll.c.o
                0x10001a34                pll_init
 .text.watchdog_reboot
                0x10001ad8       0x9c CMakeFiles/rp2040_visualiser.dir/home/john/.pico/pico-sdk/src/rp2_common/hardware_watchdog/watchdog.c.o
                0x10001ad8                watchdog_reboot
 .text.tick_start
                0x10001b74       0x10 CMakeFiles/rp2040_visualiser.dir/home/john/.pico/pico-sdk/src/rp2_common/hardware_ticks/ticks.c.o
                0x10001b74                tick_start
 .text.rom_func_lookup
                0x10001b84       0x10 CMakeFiles/rp2040_visualiser.dir/home/john/.pico/pico-sdk/src/rp2_common/pico_bootrom/bootrom.c.o
                0x10001b84                rom_func_lookup
 .text.rom_data_lookup
                0x10001b94       0x10 CMakeFiles/rp2040_visualiser.dir/home/john/.pico/pico-sdk/src/rp2_common/pico_bootrom/bootrom.c.o
                0x10001b94                rom_data_lookup
 .text.rom_funcs_lookup
                0x10001ba4       0x44 CMakeFiles/rp2040_visualiser.dir/home/john/.pico/pico-sdk/src/rp2_common/pico_bootrom/bootrom.c.o
                0x10001ba4                rom_funcs_lookup
 .text.rom_reset_usb_boot_extra
                0x10001be8       0x24 CMakeFiles/rp2040_visualiser.dir/home/john/.pico/pico-sdk/src/rp2_common/pico_bootrom/bootrom.c.o
                0x10001be8                rom_reset_usb_boot_extra
 .text.xosc_init
                0x10001c0c       0x28 CMakeFiles/rp2040_visualiser.dir/home/john/.pico/pico-sdk/src/rp2_common/hardware_xosc/xosc.c.o
                0x10001c0c                xosc_init
 .text.first_per_core_initializer
                0x10001c34        0x4 CMakeFiles/rp2040_visualiser.dir/home/john/.pico/pico-sdk/src/rp2_common/pico_runtime/runtime.c.o
 .text.hard_assertion_failure
                0x10001c38        0xc CMakeFiles/rp2040_visualiser.dir/home/john/.pico/pico-sdk/src/rp2_common/pico_runtime/runtime.c.o
                0x10001c38                hard_assertion_failure
 .text.runtime_run_initializers
                0x10001c44       0x28 CMakeFiles/rp2040_visualiser.dir/home/john/.pico/pico-sdk/src/rp2_common/pico_runtime/runtime.c.o
                0x10001c44                runtime_run_initializers
 .text.runtime_init_early_resets
                0x10001c6c       0x2c CMakeFiles/rp2040_visualiser.dir/home/john/.pico/pico-sdk/src/rp2_common/pico_runtime_init/runtime_init.c.o
                0x10001c6c                runtime_init_early_resets
 .text.runtime_init_usb_power_down
                0x10001c98       0x1c CMakeFiles/rp2040_visualiser.dir/home/john/.pico/pico-sdk/src/rp2_common/pico_runtime_init/runtime_init.c.o
                0x10001c98                runtime_init_usb_power_down
 .text.runtime_init_post_clock_resets
                0x10001cb4       0x20 CMakeFiles/rp2040_visualiser.dir/home/john/.pico/pico-sdk/src/rp2_common/pico_runtime_init/runtime_init.c.o
                0x10001cb4                runtime_init_post_clock_resets
 .text.runtime_init_rp2040_gpio_ie_disable
                0x10001cd4       0x14 CMakeFiles/rp2040_visualiser.dir/home/john/.pico/pico-sdk/src/rp2_common/pico_runtime_init/runtime_init.c.o
                0x10001cd4                runtime_init_rp2040_gpio_ie_disable
 .text.runtime_init_spin_locks_reset
                0x10001ce8        0x8 CMakeFiles/rp2040_visualiser.dir/home/john/.pico/pico-sdk/src/rp2_common/pico_runtime_init/runtime_init.c.o
                0x10001ce8                runtime_init_spin_locks_reset
 .text.runtime_init_install_ram_vector_table
                0x10001cf0       0xb4 CMakeFiles/rp2040_visualiser.dir/home/john/.pico/pico-sdk/src/rp2_common/pico_runtime_init/runtime_init.c.o
                0x10001cf0                runtime_init_install_ram_vector_table
 .text.runtime_init_clocks
                0x10001da4       0xd8 CMakeFiles/rp2040_visualiser.dir/home/john/.pico/pico-sdk/src/rp2_common/pico_runtime_init/runtime_init_clocks.c.o
                0x10001da4                runtime_init_clocks
 .text          0x10001e7c       0x10 CMakeFiles/rp2040_visualiser.dir/home/john/.pico/pico-sdk/src/rp2_common/pico_bit_ops/bit_ops_aeabi.S.o
 .text.__wrap___aeabi_uidiv
                0x10001e8c       0x4c CMakeFiles/rp2040_visualiser.dir/home/john/.pico/pico-sdk/src/rp2_common/pico_divider/divider_hardware.S.o
                0x10001e8c                __wrap___aeabi_uidiv
                0x10001e8c                __wrap___aeabi_uidivmod
                0x10001e8c                div_u32u32
                0x10001e8c                divmod_u32u32
                0x10001e94                divmod_u32u32_unsafe
                0x10001ebc                divmod_u32u32_savestate
 .text.__aeabi_double_init
                0x10001ed8       0xa4 CMakeFiles/rp2040_visualiser.dir/home/john/.pico/pico-sdk/src/rp2_common/pico_double/double_init_rom_rp2040.c.o
                0x10001ed8                __aeabi_double_init
 .text.double_table_shim_on_use_helper
                0x10001f7c       0x2c CMakeFiles/rp2040_visualiser.dir/home/john/.pico/pico-sdk/src/rp2_common/pico_double/double_v1_rom_shim_rp2040.S.o
                0x10001f7c                double_table_shim_on_use_helper
 .text.__aeabi_lmul
                0x10001fa8       0x32 CMakeFiles/rp2040_visualiser.dir/home/john/.pico/pico-sdk/src/rp2_common/pico_int64_ops/pico_int64_ops_aeabi.S.o
                0x10001fa8                __wrap___aeabi_lmul
 *fill*         0x10001fda        0x2 
 .text.__wrap___aeabi_farithmetic
                0x10001fdc       0x48 CMakeFiles/rp2040_visualiser.dir/home/john/.pico/pico-sdk/src/rp2_common/pico_float/float_aeabi_rp2040.S.o
                0x10001fdc                __wrap___aeabi_frsub
                0x10001fe2                __wrap___aeabi_fsub
                0x10001fe8                __wrap___aeabi_fadd
                0x10001fee                __wrap___aeabi_fdiv
                0x10002016                __wrap___aeabi_fmul
 .text.__wrap___aeabi_cfcmple
                0x10002024       0x50 CMakeFiles/rp2040_visualiser.dir/home/john/.pico/pico-sdk/src/rp2_common/pico_float/float_aeabi_rp2040.S.o
                0x10002024                __wrap___aeabi_cfrcmple
                0x10002030                __wrap___aeabi_cfcmpeq
                0x10002030                __wrap___aeabi_cfcmple
 .text.__wrap___aeabi_fcmpgt
                0x10002074        0xa CMakeFiles/rp2040_visualiser.dir/home/john/.pico/pico-sdk/src/rp2_common/pico_float/float_aeabi_rp2040.S.o
                0x10002074                __wrap___aeabi_fcmpgt
 .text.__wrap___aeabi_f2iz
                0x1000207e       0x4e CMakeFiles/rp2040_visualiser.dir/home/john/.pico/pico-sdk/src/rp2_common/pico_float/float_aeabi_rp2040.S.o
                0x1000207e                __wrap___aeabi_f2iz
                0x1000207e                float2int_z
 .text.float2int
                0x100020cc       0x14 CMakeFiles/rp2040_visualiser.dir/home/john/.pico/pico-sdk/src/rp2_common/pico_float/float_aeabi_rp2040.S.o
                0x100020cc                float2int
 .text.__wrap___aeabi_f2uiz
                0x100020e0        0xc CMakeFiles/rp2040_visualiser.dir/home/john/.pico/pico-sdk/src/rp2_common/pico_float/float_aeabi_rp2040.S.o
                0x100020e0                float2uint
                0x100020e0                float2uint_z
                0x100020e0                __wrap___aeabi_f2uiz
 .text.fix2float
                0x100020ec        0xc CMakeFiles/rp2040_visualiser.dir/home/john/.pico/pico-sdk/src/rp2_common/pico_float/float_aeabi_rp2040.S.o
                0x100020ec                fix2float
 .text.__wrap_cosf
                0x100020f8       0x24 CMakeFiles/rp2040_visualiser.dir/home/john/.pico/pico-sdk/src/rp2_common/pico_float/float_aeabi_rp2040.S.o
                0x100020f8                __wrap_cosf
 .text.__wrap_sinf
                0x1000211c       0x24 CMakeFiles/rp2040_visualiser.dir/home/john/.pico/pico-sdk/src/rp2_common/pico_float/float_aeabi_rp2040.S.o
                0x1000211c                __wrap_sinf
 .text.__aeabi_float_init
                0x10002140       0x64 CMakeFiles/rp2040_visualiser.dir/home/john/.pico/pico-sdk/src/rp2_common/pico_float/float_init_rom_rp2040.c.o
                0x10002140                __aeabi_float_init
 .text.__wrap_remquof
                0x100021a4      0x148 CMakeFiles/rp2040_visualiser.dir/home/john/.pico/pico-sdk/src/rp2_common/pico_float/float_math.c.o
                0x100021a4                __wrap_remquof
 .text.__wrap_remainderf
                0x100022ec        0xc CMakeFiles/rp2040_visualiser.dir/home/john/.pico/pico-sdk/src/rp2_common/pico_float/float_math.c.o
                0x100022ec                __wrap_remainderf
 .text.float_table_shim_on_use_helper
                0x100022f8       0x2c CMakeFiles/rp2040_visualiser.dir/home/john/.pico/pico-sdk/src/rp2_common/pico_float/float_v1_rom_shim_rp2040.S.o
                0x100022f8                float_table_shim_on_use_helper
 .text.float232_shims
                0x10002324       0x18 CMakeFiles/rp2040_visualiser.dir/home/john/.pico/pico-sdk/src/rp2_common/pico_float/float_v1_rom_shim_rp2040.S.o
                0x10002324                float2int_shim
                0x10002326                float2fix_shim
 .text          0x1000233c       0x10 CMakeFiles/rp2040_visualiser.dir/home/john/.pico/pico-sdk/src/rp2_common/pico_mem_ops/mem_ops_aeabi.S.o
                0x1000233c                __aeabi_mem_init
 .text.memset   0x1000234c        0xc CMakeFiles/rp2040_visualiser.dir/home/john/.pico/pico-sdk/src/rp2_common/pico_mem_ops/mem_ops_aeabi.S.o
                0x1000234c                __wrap_memset
 .text.memcpy   0x10002358        0xc CMakeFiles/rp2040_visualiser.dir/home/john/.pico/pico-sdk/src/rp2_common/pico_mem_ops/mem_ops_aeabi.S.o
                0x10002358                __wrap___aeabi_memcpy
                0x10002358                __wrap_memcpy
 .text._out_char
                0x10002364       0x10 CMakeFiles/rp2040_visualiser.dir/home/john/.pico/pico-sdk/src/rp2_common/pico_printf/printf.c.o
 .text.weak_raw_vprintf
                0x10002374       0x30 CMakeFiles/rp2040_visualiser.dir/home/john/.pico/pico-sdk/src/rp2_common/pico_printf/printf.c.o
                0x10002374                weak_raw_vprintf
 .text._exit    0x100023a4        0x4 CMakeFiles/rp2040_visualiser.dir/home/john/.pico/pico-sdk/src/rp2_common/pico_clib_interface/newlib_interface.c.o
                0x100023a4                _exit
 .text.exit     0x100023a8        0x8 CMakeFiles/rp2040_visualiser.dir/home/john/.pico/pico-sdk/src/rp2_common/pico_clib_interface/newlib_interface.c.o
                0x100023a8                exit
 .text.runtime_init
                0x100023b0       0x2c CMakeFiles/rp2040_visualiser.dir/home/john/.pico/pico-sdk/src/rp2_common/pico_clib_interface/newlib_interface.c.o
                0x100023b0                runtime_init
 .text.stdio_out_chars_no_crlf
                0x100023dc       0x10 CMakeFiles/rp2040_visualiser.dir/home/john/.pico/pico-sdk/src/rp2_common/pico_stdio/stdio.c.o
 .text.stdio_out_chars_crlf
                0x100023ec       0xb0 CMakeFiles/rp2040_visualiser.dir/home/john/.pico/pico-sdk/src/rp2_common/pico_stdio/stdio.c.o
 .text.stdio_put_string
                0x1000249c       0xfc CMakeFiles/rp2040_visualiser.dir/home/john/.pico/pico-sdk/src/rp2_common/pico_stdio/stdio.c.o
                0x1000249c                stdio_put_string
 .text.stdio_putchar_raw
                0x10002598       0x94 CMakeFiles/rp2040_visualiser.dir/home/john/.pico/pico-sdk/src/rp2_common/pico_stdio/stdio.c.o
                0x10002598                stdio_putchar_raw
 .text.stdio_set_driver_enabled
                0x1000262c       0x30 CMakeFiles/rp2040_visualiser.dir/home/john/.pico/pico-sdk/src/rp2_common/pico_stdio/stdio.c.o
                0x1000262c                stdio_set_driver_enabled
 .text.stdio_flush
                0x1000265c       0x28 CMakeFiles/rp2040_visualiser.dir/home/john/.pico/pico-sdk/src/rp2_common/pico_stdio/stdio.c.o
                0x1000265c                stdio_flush
 .text.__wrap_putchar
                0x10002684       0x94 CMakeFiles/rp2040_visualiser.dir/home/john/.pico/pico-sdk/src/rp2_common/pico_stdio/stdio.c.o
                0x10002684                stdio_putchar
                0x10002684                __wrap_putchar
 .text.__wrap_puts
                0x10002718       0x3c CMakeFiles/rp2040_visualiser.dir/home/john/.pico/pico-sdk/src/rp2_common/pico_stdio/stdio.c.o
                0x10002718                __wrap_puts
                0x10002718                stdio_puts
 .text.resetd_init
                0x10002754        0x4 CMakeFiles/rp2040_visualiser.dir/home/john/.pico/pico-sdk/src/rp2_common/pico_stdio_usb/reset_interface.c.o
 .text.resetd_reset
                0x10002758        0xc CMakeFiles/rp2040_visualiser.dir/home/john/.pico/pico-sdk/src/rp2_common/pico_stdio_usb/reset_interface.c.o
 .text.resetd_open
                0x10002764       0x28 CMakeFiles/rp2040_visualiser.dir/home/john/.pico/pico-sdk/src/rp2_common/pico_stdio_usb/reset_interface.c.o
 .text.resetd_xfer_cb
                0x1000278c        0x4 CMakeFiles/rp2040_visualiser.dir/home/john/.pico/pico-sdk/src/rp2_common/pico_stdio_usb/reset_interface.c.o
 .text.resetd_control_xfer_cb
                0x10002790       0x54 CMakeFiles/rp2040_visualiser.dir/home/john/.pico/pico-sdk/src/rp2_common/pico_stdio_usb/reset_interface.c.o
 .text.tud_descriptor_bos_cb
                0x100027e4        0x8 CMakeFiles/rp2040_visualiser.dir/home/john/.pico/pico-sdk/src/rp2_common/pico_stdio_usb/reset_interface.c.o
                0x100027e4                tud_descriptor_bos_cb
 .text.tud_vendor_control_xfer_cb
                0x100027ec       0x34 CMakeFiles/rp2040_visualiser.dir/home/john/.pico/pico-sdk/src/rp2_common/pico_stdio_usb/reset_interface.c.o
                0x100027ec                tud_vendor_control_xfer_cb
 .text.usbd_app_driver_get_cb
                0x10002820        0xc CMakeFiles/rp2040_visualiser.dir/home/john/.pico/pico-sdk/src/rp2_common/pico_stdio_usb/reset_interface.c.o
                0x10002820                usbd_app_driver_get_cb
 .text.tud_cdc_line_coding_cb
                0x1000282c       0x2c CMakeFiles/rp2040_visualiser.dir/home/john/.pico/pico-sdk/src/rp2_common/pico_stdio_usb/reset_interface.c.o
                0x1000282c                tud_cdc_line_coding_cb
 .text.stdio_usb_set_chars_available_callback
                0x10002858       0x14 CMakeFiles/rp2040_visualiser.dir/home/john/.pico/pico-sdk/src/rp2_common/pico_stdio_usb/stdio_usb.c.o
                0x10002858                stdio_usb_set_chars_available_callback
 .text.usb_irq  0x1000286c       0x10 CMakeFiles/rp2040_visualiser.dir/home/john/.pico/pico-sdk/src/rp2_common/pico_stdio_usb/stdio_usb.c.o
 .text.timer_task
                0x1000287c       0x64 CMakeFiles/rp2040_visualiser.dir/home/john/.pico/pico-sdk/src/rp2_common/pico_stdio_usb/stdio_usb.c.o
 .text.stdio_usb_in_chars
                0x100028e0       0x8c CMakeFiles/rp2040_visualiser.dir/home/john/.pico/pico-sdk/src/rp2_common/pico_stdio_usb/stdio_usb.c.o
                0x100028e0                stdio_usb_in_chars
 .text.stdio_usb_out_flush
                0x1000296c       0x4c CMakeFiles/rp2040_visualiser.dir/home/john/.pico/pico-sdk/src/rp2_common/pico_stdio_usb/stdio_usb.c.o
 .text.stdio_usb_out_chars
                0x100029b8      0x100 CMakeFiles/rp2040_visualiser.dir/home/john/.pico/pico-sdk/src/rp2_common/pico_stdio_usb/stdio_usb.c.o
 .text.low_priority_worker_irq
                0x10002ab8       0xc8 CMakeFiles/rp2040_visualiser.dir/home/john/.pico/pico-sdk/src/rp2_common/pico_stdio_usb/stdio_usb.c.o
 .text.stdio_usb_init
                0x10002b80       0xe8 CMakeFiles/rp2040_visualiser.dir/home/john/.pico/pico-sdk/src/rp2_common/pico_stdio_usb/stdio_usb.c.o
                0x10002b80                stdio_usb_init
 .text.stdio_usb_connected
                0x10002c68        0xc CMakeFiles/rp2040_visualiser.dir/home/john/.pico/pico-sdk/src/rp2_common/pico_stdio_usb/stdio_usb.c.o
                0x10002c68                stdio_usb_connected
 .text.tud_descriptor_device_cb
                0x10002c74        0x8 CMakeFiles/rp2040_visualiser.dir/home/john/.pico/pico-sdk/src/rp2_common/pico_stdio_usb/stdio_usb_descriptors.c.o
                0x10002c74                tud_descriptor_device_cb
 .text.tud_descriptor_configuration_cb
                0x10002c7c        0x8 CMakeFiles/rp2040_visualiser.dir/home/john/.pico/pico-sdk/src/rp2_common/pico_stdio_usb/stdio_usb_descriptors.c.o
                0x10002c7c                tud_descriptor_configuration_cb
 .text.tud_descriptor_string_cb
                0x10002c84       0x78 CMakeFiles/rp2040_visualiser.dir/home/john/.pico/pico-sdk/src/rp2_common/pico_stdio_usb/stdio_usb_descriptors.c.o
                0x10002c84                tud_descriptor_string_cb
 .text.startup._retrieve_unique_id_on_boot
                0x10002cfc       0x10 CMakeFiles/rp2040_visualiser.dir/home/john/.pico/pico-sdk/src/rp2_common/pico_unique_id/unique_id.c.o
 .text.pico_get_unique_board_id_string
                0x10002d0c      0x1a8 CMakeFiles/rp2040_visualiser.dir/home/john/.pico/pico-sdk/src/rp2_common/pico_unique_id/unique_id.c.o
                0x10002d0c                pico_get_unique_board_id_string
 .text.flash_get_unique_id
                0x10002eb4       0x3c CMakeFiles/rp2040_visualiser.dir/home/john/.pico/pico-sdk/src/rp2_common/hardware_flash/flash.c.o
                0x10002eb4                flash_get_unique_id
 .text.dcd_init
                0x10002ef0       0x90 CMakeFiles/rp2040_visualiser.dir/home/john/.pico/pico-sdk/lib/tinyusb/src/portable/raspberrypi/rp2040/dcd_rp2040.c.o
                0x10002ef0                dcd_init
 .text.dcd_int_enable
                0x10002f80        0xc CMakeFiles/rp2040_visualiser.dir/home/john/.pico/pico-sdk/lib/tinyusb/src/portable/raspberrypi/rp2040/dcd_rp2040.c.o
                0x10002f80                dcd_int_enable
 .text.dcd_set_address
                0x10002f8c       0x14 CMakeFiles/rp2040_visualiser.dir/home/john/.pico/pico-sdk/lib/tinyusb/src/portable/raspberrypi/rp2040/dcd_rp2040.c.o
                0x10002f8c                dcd_set_address
 .text.dcd_sof_enable
                0x10002fa0       0x1c CMakeFiles/rp2040_visualiser.dir/home/john/.pico/pico-sdk/lib/tinyusb/src/portable/raspberrypi/rp2040/dcd_rp2040.c.o
                0x10002fa0                dcd_sof_enable
 .text.dcd_edpt0_status_complete
                0x10002fbc       0x1c CMakeFiles/rp2040_visualiser.dir/home/john/.pico/pico-sdk/lib/tinyusb/src/portable/raspberrypi/rp2040/dcd_rp2040.c.o
                0x10002fbc                dcd_edpt0_status_complete
 .text.dcd_edpt_open
                0x10002fd8      0x114 CMakeFiles/rp2040_visualiser.dir/home/john/.pico/pico-sdk/lib/tinyusb/src/portable/raspberrypi/rp2040/dcd_rp2040.c.o
                0x10002fd8                dcd_edpt_open
 .text.dcd_edpt_close_all
                0x100030ec        0x8 CMakeFiles/rp2040_visualiser.dir/home/john/.pico/pico-sdk/lib/tinyusb/src/portable/raspberrypi/rp2040/dcd_rp2040.c.o
                0x100030ec                dcd_edpt_close_all
 .text.dcd_edpt_xfer
                0x100030f4       0x24 CMakeFiles/rp2040_visualiser.dir/home/john/.pico/pico-sdk/lib/tinyusb/src/portable/raspberrypi/rp2040/dcd_rp2040.c.o
                0x100030f4                dcd_edpt_xfer
 .text.dcd_edpt_stall
                0x10003118       0x3c CMakeFiles/rp2040_visualiser.dir/home/john/.pico/pico-sdk/lib/tinyusb/src/portable/raspberrypi/rp2040/dcd_rp2040.c.o
                0x10003118                dcd_edpt_stall
 .text.dcd_edpt_clear_stall
                0x10003154       0x30 CMakeFiles/rp2040_visualiser.dir/home/john/.pico/pico-sdk/lib/tinyusb/src/portable/raspberrypi/rp2040/dcd_rp2040.c.o
                0x10003154                dcd_edpt_clear_stall
 .text.rp2040_usb_init
                0x10003184       0x40 CMakeFiles/rp2040_visualiser.dir/home/john/.pico/pico-sdk/lib/tinyusb/src/portable/raspberrypi/rp2040/rp2040_usb.c.o
                0x10003184                rp2040_usb_init
 .text.hw_endpoint_xfer_start
                0x100031c4       0x40 CMakeFiles/rp2040_visualiser.dir/home/john/.pico/pico-sdk/lib/tinyusb/src/portable/raspberrypi/rp2040/rp2040_usb.c.o
                0x100031c4                hw_endpoint_xfer_start
 .text.tud_event_hook_cb
                0x10003204        0x4 CMakeFiles/rp2040_visualiser.dir/home/john/.pico/pico-sdk/lib/tinyusb/src/device/usbd.c.o
                0x10003204                tud_event_hook_cb
 .text.tud_sof_cb
                0x10003208        0x4 CMakeFiles/rp2040_visualiser.dir/home/john/.pico/pico-sdk/lib/tinyusb/src/device/usbd.c.o
                0x10003208                tud_sof_cb
 .text.tud_descriptor_device_qualifier_cb
                0x1000320c        0x4 CMakeFiles/rp2040_visualiser.dir/home/john/.pico/pico-sdk/lib/tinyusb/src/device/usbd.c.o
                0x1000320c                tud_descriptor_device_qualifier_cb
 .text.tud_descriptor_other_speed_configuration_cb
                0x10003210        0x4 CMakeFiles/rp2040_visualiser.dir/home/john/.pico/pico-sdk/lib/tinyusb/src/device/usbd.c.o
                0x10003210                tud_descriptor_other_speed_configuration_cb
 .text.tud_mount_cb
                0x10003214        0x4 CMakeFiles/rp2040_visualiser.dir/home/john/.pico/pico-sdk/lib/tinyusb/src/device/usbd.c.o
                0x10003214                tud_mount_cb
 .text.tud_umount_cb
                0x10003218        0x4 CMakeFiles/rp2040_visualiser.dir/home/john/.pico/pico-sdk/lib/tinyusb/src/device/usbd.c.o
                0x10003218                tud_umount_cb
 .text.tud_suspend_cb
                0x1000321c        0x4 CMakeFiles/rp2040_visualiser.dir/home/john/.pico/pico-sdk/lib/tinyusb/src/device/usbd.c.o
                0x1000321c                tud_suspend_cb
 .text.tud_resume_cb
                0x10003220        0x4 CMakeFiles/rp2040_visualiser.dir/home/john/.pico/pico-sdk/lib/tinyusb/src/device/usbd.c.o
                0x10003220                tud_resume_cb
 .text.tud_mounted
                0x10003224       0x10 CMakeFiles/rp2040_visualiser.dir/home/john/.pico/pico-sdk/lib/tinyusb/src/device/usbd.c.o
                0x10003224                tud_mounted
 .text.tud_suspended
                0x10003234       0x10 CMakeFiles/rp2040_visualiser.dir/home/john/.pico/pico-sdk/lib/tinyusb/src/device/usbd.c.o
                0x10003234                tud_suspended
 .text.tud_rhport_init
                0x10003244       0xf4 CMakeFiles/rp2040_visualiser.dir/home/john/.pico/pico-sdk/lib/tinyusb/src/device/usbd.c.o
                0x10003244                tud_rhport_init
 .text.tud_task_ext
                0x10003338      0x800 CMakeFiles/rp2040_visualiser.dir/home/john/.pico/pico-sdk/lib/tinyusb/src/device/usbd.c.o
                0x10003338                tud_task_ext
 .text.usbd_open_edpt_pair
                0x10003b38       0x9c CMakeFiles/rp2040_visualiser.dir/home/john/.pico/pico-sdk/lib/tinyusb/src/device/usbd.c.o
                0x10003b38                usbd_open_edpt_pair
 .text.usbd_edpt_open
                0x10003bd4       0x34 CMakeFiles/rp2040_visualiser.dir/home/john/.pico/pico-sdk/lib/tinyusb/src/device/usbd.c.o
                0x10003bd4                usbd_edpt_open
 .text.usbd_edpt_claim
                0x10003c08       0x28 CMakeFiles/rp2040_visualiser.dir/home/john/.pico/pico-sdk/lib/tinyusb/src/device/usbd.c.o
                0x10003c08                usbd_edpt_claim
 .text.usbd_edpt_release
                0x10003c30       0x28 CMakeFiles/rp2040_visualiser.dir/home/john/.pico/pico-sdk/lib/tinyusb/src/device/usbd.c.o
                0x10003c30                usbd_edpt_release
 .text.usbd_edpt_xfer
                0x10003c58       0x4c CMakeFiles/rp2040_visualiser.dir/home/john/.pico/pico-sdk/lib/tinyusb/src/device/usbd.c.o
                0x10003c58                usbd_edpt_xfer
 .text.tud_control_status
                0x10003ca4       0x2c CMakeFiles/rp2040_visualiser.dir/home/john/.pico/pico-sdk/lib/tinyusb/src/device/usbd_control.c.o
                0x10003ca4                tud_control_status
 .text.tud_control_xfer
                0x10003cd0       0xa8 CMakeFiles/rp2040_visualiser.dir/home/john/.pico/pico-sdk/lib/tinyusb/src/device/usbd_control.c.o
                0x10003cd0                tud_control_xfer
 .text.usbd_control_reset
                0x10003d78       0x14 CMakeFiles/rp2040_visualiser.dir/home/john/.pico/pico-sdk/lib/tinyusb/src/device/usbd_control.c.o
                0x10003d78                usbd_control_reset
 .text.usbd_control_set_complete_callback
                0x10003d8c        0xc CMakeFiles/rp2040_visualiser.dir/home/john/.pico/pico-sdk/lib/tinyusb/src/device/usbd_control.c.o
                0x10003d8c                usbd_control_set_complete_callback
 .text.usbd_control_set_request
                0x10003d98       0x1c CMakeFiles/rp2040_visualiser.dir/home/john/.pico/pico-sdk/lib/tinyusb/src/device/usbd_control.c.o
                0x10003d98                usbd_control_set_request
 .text.usbd_control_xfer_cb
                0x10003db4       0xec CMakeFiles/rp2040_visualiser.dir/home/john/.pico/pico-sdk/lib/tinyusb/src/device/usbd_control.c.o
                0x10003db4                usbd_control_xfer_cb
 .text._prep_out_transaction.isra.0
                0x10003ea0       0x6c CMakeFiles/rp2040_visualiser.dir/home/john/.pico/pico-sdk/lib/tinyusb/src/class/cdc/cdc_device.c.o
 .text.tud_cdc_n_connected
                0x10003f0c       0x2c CMakeFiles/rp2040_visualiser.dir/home/john/.pico/pico-sdk/lib/tinyusb/src/class/cdc/cdc_device.c.o
                0x10003f0c                tud_cdc_n_connected
 .text.tud_cdc_n_available
                0x10003f38       0x14 CMakeFiles/rp2040_visualiser.dir/home/john/.pico/pico-sdk/lib/tinyusb/src/class/cdc/cdc_device.c.o
                0x10003f38                tud_cdc_n_available
 .text.tud_cdc_n_read
                0x10003f4c       0x88 CMakeFiles/rp2040_visualiser.dir/home/john/.pico/pico-sdk/lib/tinyusb/src/class/cdc/cdc_device.c.o
                0x10003f4c                tud_cdc_n_read
 .text.tud_cdc_n_write_flush
                0x10003fd4       0x74 CMakeFiles/rp2040_visualiser.dir/home/john/.pico/pico-sdk/lib/tinyusb/src/class/cdc/cdc_device.c.o
                0x10003fd4                tud_cdc_n_write_flush
 .text.tud_cdc_n_write
                0x10004048       0x40 CMakeFiles/rp2040_visualiser.dir/home/john/.pico/pico-sdk/lib/tinyusb/src/class/cdc/cdc_device.c.o
                0x10004048                tud_cdc_n_write
 .text.tud_cdc_n_write_available
                0x10004088       0x14 CMakeFiles/rp2040_visualiser.dir/home/john/.pico/pico-sdk/lib/tinyusb/src/class/cdc/cdc_device.c.o
                0x10004088                tud_cdc_n_write_available
 .text.cdcd_init
                0x1000409c       0x70 CMakeFiles/rp2040_visualiser.dir/home/john/.pico/pico-sdk/lib/tinyusb/src/class/cdc/cdc_device.c.o
                0x1000409c                cdcd_init
 .text.cdcd_deinit
                0x1000410c       0x30 CMakeFiles/rp2040_visualiser.dir/home/john/.pico/pico-sdk/lib/tinyusb/src/class/cdc/cdc_device.c.o
                0x1000410c                cdcd_deinit
 .text.cdcd_reset
                0x1000413c       0x4c CMakeFiles/rp2040_visualiser.dir/home/john/.pico/pico-sdk/lib/tinyusb/src/class/cdc/cdc_device.c.o
                0x1000413c                cdcd_reset
 .text.cdcd_open
                0x10004188       0xa4 CMakeFiles/rp2040_visualiser.dir/home/john/.pico/pico-sdk/lib/tinyusb/src/class/cdc/cdc_device.c.o
                0x10004188                cdcd_open
 .text.cdcd_control_xfer_cb
                0x1000422c       0xe8 CMakeFiles/rp2040_visualiser.dir/home/john/.pico/pico-sdk/lib/tinyusb/src/class/cdc/cdc_device.c.o
                0x1000422c                cdcd_control_xfer_cb
 .text.cdcd_xfer_cb
                0x10004314      0x100 CMakeFiles/rp2040_visualiser.dir/home/john/.pico/pico-sdk/lib/tinyusb/src/class/cdc/cdc_device.c.o
                0x10004314                cdcd_xfer_cb
 .text.vendord_init
                0x10004414       0x5c CMakeFiles/rp2040_visualiser.dir/home/john/.pico/pico-sdk/lib/tinyusb/src/class/vendor/vendor_device.c.o
                0x10004414                vendord_init
 .text.vendord_deinit
                0x10004470       0x1c CMakeFiles/rp2040_visualiser.dir/home/john/.pico/pico-sdk/lib/tinyusb/src/class/vendor/vendor_device.c.o
                0x10004470                vendord_deinit
 .text.vendord_reset
                0x1000448c       0x28 CMakeFiles/rp2040_visualiser.dir/home/john/.pico/pico-sdk/lib/tinyusb/src/class/vendor/vendor_device.c.o
                0x1000448c                vendord_reset
 .text.vendord_open
                0x100044b4      0x120 CMakeFiles/rp2040_visualiser.dir/home/john/.pico/pico-sdk/lib/tinyusb/src/class/vendor/vendor_device.c.o
                0x100044b4                vendord_open
 .text.vendord_xfer_cb
                0x100045d4       0x9c CMakeFiles/rp2040_visualiser.dir/home/john/.pico/pico-sdk/lib/tinyusb/src/class/vendor/vendor_device.c.o
                0x100045d4                vendord_xfer_cb
 .text.tusb_rhport_init
                0x10004670       0x4c CMakeFiles/rp2040_visualiser.dir/home/john/.pico/pico-sdk/lib/tinyusb/src/tusb.c.o
                0x10004670                tusb_rhport_init
 .text.tu_edpt_claim
                0x100046bc       0x50 CMakeFiles/rp2040_visualiser.dir/home/john/.pico/pico-sdk/lib/tinyusb/src/tusb.c.o
                0x100046bc                tu_edpt_claim
 .text.tu_edpt_release
                0x1000470c       0x38 CMakeFiles/rp2040_visualiser.dir/home/john/.pico/pico-sdk/lib/tinyusb/src/tusb.c.o
                0x1000470c                tu_edpt_release
 .text.tu_edpt_validate
                0x10004744       0x7c CMakeFiles/rp2040_visualiser.dir/home/john/.pico/pico-sdk/lib/tinyusb/src/tusb.c.o
                0x10004744                tu_edpt_validate
 .text.tu_edpt_bind_driver
                0x100047c0       0x34 CMakeFiles/rp2040_visualiser.dir/home/john/.pico/pico-sdk/lib/tinyusb/src/tusb.c.o
                0x100047c0                tu_edpt_bind_driver
 .text.tu_edpt_stream_init
                0x100047f4       0x6c CMakeFiles/rp2040_visualiser.dir/home/john/.pico/pico-sdk/lib/tinyusb/src/tusb.c.o
                0x100047f4                tu_edpt_stream_init
 .text.tu_edpt_stream_deinit
                0x10004860        0x4 CMakeFiles/rp2040_visualiser.dir/home/john/.pico/pico-sdk/lib/tinyusb/src/tusb.c.o
                0x10004860                tu_edpt_stream_deinit
 .text.tu_edpt_stream_write_zlp_if_needed
                0x10004864       0x68 CMakeFiles/rp2040_visualiser.dir/home/john/.pico/pico-sdk/lib/tinyusb/src/tusb.c.o
                0x10004864                tu_edpt_stream_write_zlp_if_needed
 .text.tu_edpt_stream_write_xfer
                0x100048cc       0x68 CMakeFiles/rp2040_visualiser.dir/home/john/.pico/pico-sdk/lib/tinyusb/src/tusb.c.o
                0x100048cc                tu_edpt_stream_write_xfer
 .text.tu_edpt_stream_read_xfer
                0x10004934       0xd8 CMakeFiles/rp2040_visualiser.dir/home/john/.pico/pico-sdk/lib/tinyusb/src/tusb.c.o
                0x10004934                tu_edpt_stream_read_xfer
 .text.tu_fifo_config
                0x10004a0c       0x6c CMakeFiles/rp2040_visualiser.dir/home/john/.pico/pico-sdk/lib/tinyusb/src/common/tusb_fifo.c.o
                0x10004a0c                tu_fifo_config
 .text.tu_fifo_count
                0x10004a78       0x2c CMakeFiles/rp2040_visualiser.dir/home/john/.pico/pico-sdk/lib/tinyusb/src/common/tusb_fifo.c.o
                0x10004a78                tu_fifo_count
 .text.tu_fifo_empty
                0x10004aa4       0x10 CMakeFiles/rp2040_visualiser.dir/home/john/.pico/pico-sdk/lib/tinyusb/src/common/tusb_fifo.c.o
                0x10004aa4                tu_fifo_empty
 .text.tu_fifo_remaining
                0x10004ab4       0x2c CMakeFiles/rp2040_visualiser.dir/home/john/.pico/pico-sdk/lib/tinyusb/src/common/tusb_fifo.c.o
                0x10004ab4                tu_fifo_remaining
 .text.tu_fifo_read
                0x10004ae0       0x9c CMakeFiles/rp2040_visualiser.dir/home/john/.pico/pico-sdk/lib/tinyusb/src/common/tusb_fifo.c.o
                0x10004ae0                tu_fifo_read
 .text.tu_fifo_read_n
                0x10004b7c       0xe8 CMakeFiles/rp2040_visualiser.dir/home/john/.pico/pico-sdk/lib/tinyusb/src/common/tusb_fifo.c.o
                0x10004b7c                tu_fifo_read_n
 .text.tu_fifo_write
                0x10004c64       0xa4 CMakeFiles/rp2040_visualiser.dir/home/john/.pico/pico-sdk/lib/tinyusb/src/common/tusb_fifo.c.o
                0x10004c64                tu_fifo_write
 .text.tu_fifo_write_n
                0x10004d08      0x178 CMakeFiles/rp2040_visualiser.dir/home/john/.pico/pico-sdk/lib/tinyusb/src/common/tusb_fifo.c.o
                0x10004d08                tu_fifo_write_n
 .text.tu_fifo_clear
                0x10004e80       0x40 CMakeFiles/rp2040_visualiser.dir/home/john/.pico/pico-sdk/lib/tinyusb/src/common/tusb_fifo.c.o
                0x10004e80                tu_fifo_clear
 .text.tu_fifo_set_overwritable
                0x10004ec0       0x48 CMakeFiles/rp2040_visualiser.dir/home/john/.pico/pico-sdk/lib/tinyusb/src/common/tusb_fifo.c.o
                0x10004ec0                tu_fifo_set_overwritable
 .text.atexit   0x10004f08       0x10 /usr/lib/gcc/arm-none-eabi/14.2.0/../../../../arm-none-eabi/lib/thumb/v6-m/nofp/libg.a(libc_a-atexit.o)
                0x10004f08                atexit
 .text.__libc_fini_array
                0x10004f18       0x28 /usr/lib/gcc/arm-none-eabi/14.2.0/../../../../arm-none-eabi/lib/thumb/v6-m/nofp/libg.a(libc_a-fini.o)
                0x10004f18                __libc_fini_array
 .text.__retarget_lock_acquire_recursive
                0x10004f40        0x4 /usr/lib/gcc/arm-none-eabi/14.2.0/../../../../arm-none-eabi/lib/thumb/v6-m/nofp/libg.a(libc_a-lock.o)
                0x10004f40                __retarget_lock_acquire_recursive
 .text.__retarget_lock_release_recursive
                0x10004f44        0x4 /usr/lib/gcc/arm-none-eabi/14.2.0/../../../../arm-none-eabi/lib/thumb/v6-m/nofp/libg.a(libc_a-lock.o)
                0x10004f44                __retarget_lock_release_recursive
 .text.strlen   0x10004f48       0x5c /usr/lib/gcc/arm-none-eabi/14.2.0/../../../../arm-none-eabi/lib/thumb/v6-m/nofp/libg.a(libc_a-strlen-stub.o)
                0x10004f48                strlen
 .text.__register_exitproc
                0x10004fa4       0xa8 /usr/lib/gcc/arm-none-eabi/14.2.0/../../../../arm-none-eabi/lib/thumb/v6-m/nofp/libg.a(libc_a-__atexit.o)
                0x10004fa4                __register_exitproc
 .text.startup.register_fini
                0x1000504c       0x18 /usr/lib/gcc/arm-none-eabi/14.2.0/../../../../arm-none-eabi/lib/thumb/v6-m/nofp/libg.a(libc_a-__call_atexit.o)
 *(.fini)
 .fini          0x10005064        0x4 /usr/lib/gcc/arm-none-eabi/14.2.0/thumb/v6-m/nofp/crti.o
                0x10005064                _fini
 .fini.__stub   0x10005068       0xb0 linker stubs
 *crtbegin.o(.ctors)
 *crtbegin?.o(.ctors)
 *(EXCLUDE_FILE(*crtend.o *crtend?.o) .ctors)
 *(SORT_BY_NAME(.ctors.*))
 *(.ctors)
 *crtbegin.o(.dtors)
 *crtbegin?.o(.dtors)
 *(EXCLUDE_FILE(*crtend.o *crtend?.o) .dtors)
 *(SORT_BY_NAME(.dtors.*))
 *(.dtors)
                0x10005118                        . = ALIGN (0x4)
                0x10005118                        PROVIDE (__preinit_array_start = .)
 *(SORT_BY_NAME(.preinit_array.*))
 .preinit_array.00100
                0x10005118        0x4 CMakeFiles/rp2040_visualiser.dir/home/john/.pico/pico-sdk/src/rp2_common/pico_runtime_init/runtime_init.c.o
                0x10005118                __pre_init_runtime_init_early_resets
 .preinit_array.00101
                0x1000511c        0x4 CMakeFiles/rp2040_visualiser.dir/home/john/.pico/pico-sdk/src/rp2_common/pico_runtime_init/runtime_init.c.o
                0x1000511c                __pre_init_runtime_init_usb_power_down
 .preinit_array.00275
                0x10005120        0x4 CMakeFiles/rp2040_visualiser.dir/home/john/.pico/pico-sdk/src/rp2_common/pico_bit_ops/bit_ops_aeabi.S.o
 .preinit_array.00300
                0x10005124        0x4 CMakeFiles/rp2040_visualiser.dir/home/john/.pico/pico-sdk/src/rp2_common/pico_mem_ops/mem_ops_aeabi.S.o
 .preinit_array.00350
                0x10005128        0x4 CMakeFiles/rp2040_visualiser.dir/home/john/.pico/pico-sdk/src/rp2_common/pico_double/double_aeabi_rp2040.S.o
 .preinit_array.00350
                0x1000512c        0x4 CMakeFiles/rp2040_visualiser.dir/home/john/.pico/pico-sdk/src/rp2_common/pico_float/float_aeabi_rp2040.S.o
 .preinit_array.00500
                0x10005130        0x4 CMakeFiles/rp2040_visualiser.dir/home/john/.pico/pico-sdk/src/rp2_common/pico_runtime_init/runtime_init.c.o
                0x10005130                __pre_init_runtime_init_clocks
 .preinit_array.00600
                0x10005134        0x4 CMakeFiles/rp2040_visualiser.dir/home/john/.pico/pico-sdk/src/rp2_common/pico_runtime_init/runtime_init.c.o
                0x10005134                __pre_init_runtime_init_post_clock_resets
 .preinit_array.00700
                0x10005138        0x4 CMakeFiles/rp2040_visualiser.dir/home/john/.pico/pico-sdk/src/rp2_common/pico_runtime_init/runtime_init.c.o
                0x10005138                __pre_init_runtime_init_rp2040_gpio_ie_disable
 .preinit_array.01000
                0x1000513c        0x4 CMakeFiles/rp2040_visualiser.dir/home/john/.pico/pico-sdk/src/rp2_common/pico_runtime_init/runtime_init.c.o
                0x1000513c                __pre_init_runtime_init_spin_locks_reset
 .preinit_array.01100
                0x10005140        0x4 CMakeFiles/rp2040_visualiser.dir/home/john/.pico/pico-sdk/src/common/pico_sync/mutex.c.o
                0x10005140                __pre_init_runtime_init_mutex
 .preinit_array.10080
                0x10005144        0x4 CMakeFiles/rp2040_visualiser.dir/home/john/.pico/pico-sdk/src/rp2_common/pico_runtime_init/runtime_init.c.o
                0x10005144                __pre_init_runtime_init_install_ram_vector_table
 .preinit_array.11000
                0x10005148        0x4 CMakeFiles/rp2040_visualiser.dir/home/john/.pico/pico-sdk/src/common/pico_time/time.c.o
                0x10005148                __pre_init_runtime_init_default_alarm_pool
 .preinit_array.YYYYY
                0x1000514c        0x4 CMakeFiles/rp2040_visualiser.dir/home/john/.pico/pico-sdk/src/rp2_common/pico_runtime/runtime.c.o
                0x1000514c                __pre_init_first_per_core_initializer
 .preinit_array.ZZZZZ.01200
                0x10005150        0x4 CMakeFiles/rp2040_visualiser.dir/home/john/.pico/pico-sdk/src/rp2_common/hardware_irq/irq.c.o
                0x10005150                __pre_init_runtime_init_per_core_irq_priorities
 *(.preinit_array)
                0x10005154                        PROVIDE (__preinit_array_end = .)
                0x10005154                        . = ALIGN (0x4)
                0x10005154                        PROVIDE (__init_array_start = .)
 *(SORT_BY_NAME(.init_array.*))
 .init_array.00000
                0x10005154        0x4 /usr/lib/gcc/arm-none-eabi/14.2.0/../../../../arm-none-eabi/lib/thumb/v6-m/nofp/libg.a(libc_a-__call_atexit.o)
 .init_array.01000
                0x10005158        0x4 CMakeFiles/rp2040_visualiser.dir/home/john/.pico/pico-sdk/src/rp2_common/pico_unique_id/unique_id.c.o
 *(.init_array)
 .init_array    0x1000515c        0x4 /usr/lib/gcc/arm-none-eabi/14.2.0/thumb/v6-m/nofp/crtbegin.o
                0x10005160                        PROVIDE (__init_array_end = .)
                0x10005160                        . = ALIGN (0x4)
                0x10005160                        PROVIDE (__fini_array_start = .)
 *(SORT_BY_NAME(.fini_array.*))
 *(.fini_array)
                0x10005160                        PROVIDE (__fini_array_end = .)
 *(.eh_frame*)
 .eh_frame      0x10005160        0x0 /usr/lib/gcc/arm-none-eabi/14.2.0/thumb/v6-m/nofp/crtbegin.o
                0x10005160                        . = ALIGN (0x4)

.glue_7         0x10005160        0x0
 .glue_7        0x10005160        0x0 linker stubs

.glue_7t        0x10005160        0x0
 .glue_7t       0x10005160        0x0 linker stubs

.vfp11_veneer   0x10005160        0x0
 .vfp11_veneer  0x10005160        0x0 linker stubs

.v4_bx          0x10005160        0x0
 .v4_bx         0x10005160        0x0 linker stubs

.iplt           0x10005160        0x0
 .iplt          0x10005160        0x0 /usr/lib/gcc/arm-none-eabi/14.2.0/thumb/v6-m/nofp/crtbegin.o

.rodata         0x10005160      0x418
 *(EXCLUDE_FILE(*libm.a: *libc.a:*lib_a-mem*.o *libgcc.a:) .rodata*)
 .rodata.panic.str1.4
                0x10005160      0x160 CMakeFiles/rp2040_visualiser.dir/home/john/.pico/pico-sdk/src/rp2_common/pico_platform_panic/panic.c.o
                                 0x12 (size before relaxing)
 .rodata.spin_lock_claim_unused.str1.4
                0x100052c0       0x1b CMakeFiles/rp2040_visualiser.dir/home/john/.pico/pico-sdk/src/rp2_common/hardware_sync/sync.c.o
 .rodata.user_irq_claim_unused.str1.4
                0x100052c0       0x1b CMakeFiles/rp2040_visualiser.dir/home/john/.pico/pico-sdk/src/rp2_common/hardware_irq/irq.c.o
 .rodata.timer_hardware_alarm_claim.str1.4
                0x100052c0       0x22 CMakeFiles/rp2040_visualiser.dir/home/john/.pico/pico-sdk/src/rp2_common/hardware_timer/timer.c.o
 .rodata.hard_assertion_failure.str1.4
                0x100052c0        0xc CMakeFiles/rp2040_visualiser.dir/home/john/.pico/pico-sdk/src/rp2_common/pico_runtime/runtime.c.o
 .rodata.str1.4
                0x100052c0       0x48 CMakeFiles/rp2040_visualiser.dir/home/john/.pico/pico-sdk/src/rp2_common/pico_standard_binary_info/standard_binary_info.c.o
 .rodata.__bi_84
                0x100052c0        0xc CMakeFiles/rp2040_visualiser.dir/home/john/.pico/pico-sdk/src/rp2_common/pico_standard_binary_info/standard_binary_info.c.o
 .rodata.__bi_78
                0x100052cc        0xc CMakeFiles/rp2040_visualiser.dir/home/john/.pico/pico-sdk/src/rp2_common/pico_standard_binary_info/standard_binary_info.c.o
 .rodata.__bi_54
                0x100052d8        0xc CMakeFiles/rp2040_visualiser.dir/home/john/.pico/pico-sdk/src/rp2_common/pico_standard_binary_info/standard_binary_info.c.o
 .rodata.__bi_48
                0x100052e4        0xc CMakeFiles/rp2040_visualiser.dir/home/john/.pico/pico-sdk/src/rp2_common/pico_standard_binary_info/standard_binary_info.c.o
 .rodata.__bi_42
                0x100052f0        0xc CMakeFiles/rp2040_visualiser.dir/home/john/.pico/pico-sdk/src/rp2_common/pico_standard_binary_info/standard_binary_info.c.o
 .rodata.__bi_34
                0x100052fc        0xc CMakeFiles/rp2040_visualiser.dir/home/john/.pico/pico-sdk/src/rp2_common/pico_standard_binary_info/standard_binary_info.c.o
 .rodata.__bi_26
                0x10005308        0xc CMakeFiles/rp2040_visualiser.dir/home/john/.pico/pico-sdk/src/rp2_common/pico_standard_binary_info/standard_binary_info.c.o
 .rodata.crlf_str.0
                0x10005314        0x2 CMakeFiles/rp2040_visualiser.dir/home/john/.pico/pico-sdk/src/rp2_common/pico_stdio/stdio.c.o
 *fill*         0x10005316        0x2 
 .rodata._resetd_driver
                0x10005318       0x20 CMakeFiles/rp2040_visualiser.dir/home/john/.pico/pico-sdk/src/rp2_common/pico_stdio_usb/reset_interface.c.o
 .rodata.desc_ms_os_20
                0x10005338       0xa6 CMakeFiles/rp2040_visualiser.dir/home/john/.pico/pico-sdk/src/rp2_common/pico_stdio_usb/reset_interface.c.o
 *fill*         0x100053de        0x2 
 .rodata.desc_bos
                0x100053e0       0x21 CMakeFiles/rp2040_visualiser.dir/home/john/.pico/pico-sdk/src/rp2_common/pico_stdio_usb/reset_interface.c.o
                0x100053e0                desc_bos
 .rodata.str1.4
                0x10005401       0x13 CMakeFiles/rp2040_visualiser.dir/home/john/.pico/pico-sdk/src/rp2_common/pico_stdio_usb/stdio_usb.c.o
 *fill*         0x10005401        0x3 
 .rodata.__bi_202.0
                0x10005404        0xc CMakeFiles/rp2040_visualiser.dir/home/john/.pico/pico-sdk/src/rp2_common/pico_stdio_usb/stdio_usb.c.o
 .rodata.str1.4
                0x10005410       0x2a CMakeFiles/rp2040_visualiser.dir/home/john/.pico/pico-sdk/src/rp2_common/pico_stdio_usb/stdio_usb_descriptors.c.o
 .rodata.usbd_desc_str
                0x10005410       0x18 CMakeFiles/rp2040_visualiser.dir/home/john/.pico/pico-sdk/src/rp2_common/pico_stdio_usb/stdio_usb_descriptors.c.o
 .rodata.usbd_desc_cfg
                0x10005428       0x54 CMakeFiles/rp2040_visualiser.dir/home/john/.pico/pico-sdk/src/rp2_common/pico_stdio_usb/stdio_usb_descriptors.c.o
 .rodata.usbd_desc_device
                0x1000547c       0x12 CMakeFiles/rp2040_visualiser.dir/home/john/.pico/pico-sdk/src/rp2_common/pico_stdio_usb/stdio_usb_descriptors.c.o
 .rodata.str1.4
                0x1000548e       0x14 CMakeFiles/rp2040_visualiser.dir/home/john/.pico/pico-sdk/lib/tinyusb/src/portable/raspberrypi/rp2040/dcd_rp2040.c.o
 .rodata.str1.4
                0x1000548e       0x48 CMakeFiles/rp2040_visualiser.dir/home/john/.pico/pico-sdk/lib/tinyusb/src/portable/raspberrypi/rp2040/rp2040_usb.c.o
 *fill*         0x1000548e        0x2 
 .rodata.tud_task_ext
                0x10005490       0x8c CMakeFiles/rp2040_visualiser.dir/home/john/.pico/pico-sdk/lib/tinyusb/src/device/usbd.c.o
 .rodata        0x1000551c       0x1c CMakeFiles/rp2040_visualiser.dir/home/john/.pico/pico-sdk/lib/tinyusb/src/device/usbd.c.o
 .rodata._usbd_driver
                0x10005538       0x40 CMakeFiles/rp2040_visualiser.dir/home/john/.pico/pico-sdk/lib/tinyusb/src/device/usbd.c.o
                0x10005578                        . = ALIGN (0x4)
 *(SORT_BY_ALIGNMENT(SORT_BY_NAME(.flashdata*)))
                0x10005578                        . = ALIGN (0x4)

.ARM.extab
 *(.ARM.extab* .gnu.linkonce.armextab.*)
                0x10005578                        __exidx_start = .

.ARM.exidx
 *(.ARM.exidx* .gnu.linkonce.armexidx.*)
                0x10005578                        __exidx_end = .
                0x10005578                        . = ALIGN (0x4)
                0x10005578                        __binary_info_start = .

.binary_info    0x10005578       0x20
 *(.binary_info.keep.*)
 .binary_info.keep.__bi_ptr84
                0x10005578        0x4 CMakeFiles/rp2040_visualiser.dir/home/john/.pico/pico-sdk/src/rp2_common/pico_standard_binary_info/standard_binary_info.c.o
 .binary_info.keep.__bi_ptr78
                0x1000557c        0x4 CMakeFiles/rp2040_visualiser.dir/home/john/.pico/pico-sdk/src/rp2_common/pico_standard_binary_info/standard_binary_info.c.o
 .binary_info.keep.__bi_ptr54
                0x10005580        0x4 CMakeFiles/rp2040_visualiser.dir/home/john/.pico/pico-sdk/src/rp2_common/pico_standard_binary_info/standard_binary_info.c.o
 .binary_info.keep.__bi_ptr48
                0x10005584        0x4 CMakeFiles/rp2040_visualiser.dir/home/john/.pico/pico-sdk/src/rp2_common/pico_standard_binary_info/standard_binary_info.c.o
 .binary_info.keep.__bi_ptr42
                0x10005588        0x4 CMakeFiles/rp2040_visualiser.dir/home/john/.pico/pico-sdk/src/rp2_common/pico_standard_binary_info/standard_binary_info.c.o
 .binary_info.keep.__bi_ptr34
                0x1000558c        0x4 CMakeFiles/rp2040_visualiser.dir/home/john/.pico/pico-sdk/src/rp2_common/pico_standard_binary_info/standard_binary_info.c.o
 .binary_info.keep.__bi_ptr26
                0x10005590        0x4 CMakeFiles/rp2040_visualiser.dir/home/john/.pico/pico-sdk/src/rp2_common/pico_standard_binary_info/standard_binary_info.c.o
 *(.binary_info.*)
 .binary_info.__bi_ptr202
                0x10005594        0x4 CMakeFiles/rp2040_visualiser.dir/home/john/.pico/pico-sdk/src/rp2_common/pico_stdio_usb/stdio_usb.c.o
                0x10005598                        __binary_info_end = .
                0x10005598                        . = ALIGN (0x4)

.ram_vector_table
                0x20000000       0xc0
 *(.ram_vector_table)
 .ram_vector_table
                0x20000000       0xc0 CMakeFiles/rp2040_visualiser.dir/home/john/.pico/pico-sdk/src/rp2_common/pico_runtime_init/runtime_init.c.o
                0x20000000                ram_vector_table

.uninitialized_data
                0x200000c0        0x0
                0x200000c0                        . = ALIGN (0x4)
 *(.uninitialized_data*)

.data           0x200000c0      0xff4 load address 0x10005598
                0x200000c0                        __data_start__ = .
 *(vtable)
 *(.time_critical*)
 .time_critical.mutex_try_enter
                0x200000c0       0x40 CMakeFiles/rp2040_visualiser.dir/home/john/.pico/pico-sdk/src/common/pico_sync/mutex.c.o
                0x200000c0                mutex_try_enter
 .time_critical.mutex_try_enter_block_until
                0x20000100       0x98 CMakeFiles/rp2040_visualiser.dir/home/john/.pico/pico-sdk/src/common/pico_sync/mutex.c.o
                0x20000100                mutex_try_enter_block_until
 .time_critical.mutex_enter_timeout_ms
                0x20000198       0x8c CMakeFiles/rp2040_visualiser.dir/home/john/.pico/pico-sdk/src/common/pico_sync/mutex.c.o
                0x20000198                mutex_enter_timeout_ms
 .time_critical.mutex_exit
                0x20000224       0x28 CMakeFiles/rp2040_visualiser.dir/home/john/.pico/pico-sdk/src/common/pico_sync/mutex.c.o
                0x20000224                mutex_exit
 .time_critical.flash_init_boot2_copyout
                0x2000024c       0x30 CMakeFiles/rp2040_visualiser.dir/home/john/.pico/pico-sdk/src/rp2_common/hardware_flash/flash.c.o
 .time_critical.flash_enable_xip_via_boot2
                0x2000027c        0xc CMakeFiles/rp2040_visualiser.dir/home/john/.pico/pico-sdk/src/rp2_common/hardware_flash/flash.c.o
 .time_critical.flash_save_hardware_state
                0x20000288       0x20 CMakeFiles/rp2040_visualiser.dir/home/john/.pico/pico-sdk/src/rp2_common/hardware_flash/flash.c.o
 .time_critical.flash_restore_hardware_state
                0x200002a8       0x20 CMakeFiles/rp2040_visualiser.dir/home/john/.pico/pico-sdk/src/rp2_common/hardware_flash/flash.c.o
 .time_critical.flash_cs_force
                0x200002c8       0x38 CMakeFiles/rp2040_visualiser.dir/home/john/.pico/pico-sdk/src/rp2_common/hardware_flash/flash.c.o
 .time_critical.flash_do_cmd
                0x20000300      0x13c CMakeFiles/rp2040_visualiser.dir/home/john/.pico/pico-sdk/src/rp2_common/hardware_flash/flash.c.o
                0x20000300                flash_do_cmd
 .time_critical.reset_non_control_endpoints
                0x2000043c       0x68 CMakeFiles/rp2040_visualiser.dir/home/john/.pico/pico-sdk/lib/tinyusb/src/portable/raspberrypi/rp2040/dcd_rp2040.c.o
 .time_critical.hw_handle_buff_status
                0x200004a4       0xa0 CMakeFiles/rp2040_visualiser.dir/home/john/.pico/pico-sdk/lib/tinyusb/src/portable/raspberrypi/rp2040/dcd_rp2040.c.o
 .time_critical.dcd_rp2040_irq
                0x20000544      0x548 CMakeFiles/rp2040_visualiser.dir/home/john/.pico/pico-sdk/lib/tinyusb/src/portable/raspberrypi/rp2040/dcd_rp2040.c.o
 .time_critical.prepare_ep_buffer
                0x20000a8c       0xc8 CMakeFiles/rp2040_visualiser.dir/home/john/.pico/pico-sdk/lib/tinyusb/src/portable/raspberrypi/rp2040/rp2040_usb.c.o
 .time_critical.sync_ep_buffer
                0x20000b54       0x9c CMakeFiles/rp2040_visualiser.dir/home/john/.pico/pico-sdk/lib/tinyusb/src/portable/raspberrypi/rp2040/rp2040_usb.c.o
 .time_critical._hw_endpoint_xfer_sync
                0x20000bf0       0x28 CMakeFiles/rp2040_visualiser.dir/home/john/.pico/pico-sdk/lib/tinyusb/src/portable/raspberrypi/rp2040/rp2040_usb.c.o
 .time_critical.e15_is_bulkin_ep
                0x20000c18       0x28 CMakeFiles/rp2040_visualiser.dir/home/john/.pico/pico-sdk/lib/tinyusb/src/portable/raspberrypi/rp2040/rp2040_usb.c.o
 .time_critical.e15_is_critical_frame_period
                0x20000c40       0x34 CMakeFiles/rp2040_visualiser.dir/home/john/.pico/pico-sdk/lib/tinyusb/src/portable/raspberrypi/rp2040/rp2040_usb.c.o
 .time_critical.hw_endpoint_reset_transfer
                0x20000c74        0xc CMakeFiles/rp2040_visualiser.dir/home/john/.pico/pico-sdk/lib/tinyusb/src/portable/raspberrypi/rp2040/rp2040_usb.c.o
                0x20000c74                hw_endpoint_reset_transfer
 .time_critical._hw_endpoint_buffer_control_update32
                0x20000c80       0x50 CMakeFiles/rp2040_visualiser.dir/home/john/.pico/pico-sdk/lib/tinyusb/src/portable/raspberrypi/rp2040/rp2040_usb.c.o
                0x20000c80                _hw_endpoint_buffer_control_update32
 .time_critical.hw_endpoint_start_next_buffer
                0x20000cd0       0x68 CMakeFiles/rp2040_visualiser.dir/home/john/.pico/pico-sdk/lib/tinyusb/src/portable/raspberrypi/rp2040/rp2040_usb.c.o
                0x20000cd0                hw_endpoint_start_next_buffer
 .time_critical.hw_endpoint_xfer_continue
                0x20000d38       0x40 CMakeFiles/rp2040_visualiser.dir/home/john/.pico/pico-sdk/lib/tinyusb/src/portable/raspberrypi/rp2040/rp2040_usb.c.o
                0x20000d38                hw_endpoint_xfer_continue
 .time_critical.tinyusb
                0x20000d78      0x1e4 CMakeFiles/rp2040_visualiser.dir/home/john/.pico/pico-sdk/lib/tinyusb/src/device/usbd.c.o
                0x20000d78                dcd_event_handler
 *(.text*)
 .text          0x20000f5c        0x4 /usr/lib/gcc/arm-none-eabi/14.2.0/thumb/v6-m/nofp/libgcc.a(_dvmd_tls.o)
                0x20000f5c                __aeabi_ldiv0
                0x20000f5c                __aeabi_idiv0
 .text.__stub   0x20000f60       0x80 linker stubs
                0x20000fe0                        . = ALIGN (0x4)
 *(.rodata*)
                0x20000fe0                        . = ALIGN (0x4)
 *(.data*)
 .data.striped_spin_lock_num
                0x20000fe0        0x1 CMakeFiles/rp2040_visualiser.dir/home/john/.pico/pico-sdk/src/rp2_common/hardware_sync/sync.c.o
 *fill*         0x20000fe1        0x3 
 .data          0x20000fe4       0x48 CMakeFiles/rp2040_visualiser.dir/home/john/.pico/pico-sdk/src/rp2_common/hardware_irq/irq_handler_chain.S.o
                0x20000fe4                irq_handler_chain_slots
                0x20001014                irq_handler_chain_first_slot
                0x2000101e                irq_handler_chain_remove_tail
 .data.default_alarm_pool
                0x2000102c       0x18 CMakeFiles/rp2040_visualiser.dir/home/john/.pico/pico-sdk/src/common/pico_time/time.c.o
 *fill*         0x20001044        0xc 
 .data.aeabi_bits_funcs
                0x20001050       0x10 CMakeFiles/rp2040_visualiser.dir/home/john/.pico/pico-sdk/src/rp2_common/pico_bit_ops/bit_ops_aeabi.S.o
                0x20001050                aeabi_bits_funcs
                0x20001060                aeabi_bits_funcs_end
 .data.aeabi_mem_funcs
                0x20001060       0x10 CMakeFiles/rp2040_visualiser.dir/home/john/.pico/pico-sdk/src/rp2_common/pico_mem_ops/mem_ops_aeabi.S.o
                0x20001060                aeabi_mem_funcs
                0x20001070                aeabi_mem_funcs_end
 .data.stdio_usb
                0x20001070       0x18 CMakeFiles/rp2040_visualiser.dir/home/john/.pico/pico-sdk/src/rp2_common/pico_stdio_usb/stdio_usb.c.o
                0x20001070                stdio_usb
 .data._usbd_qdef
                0x20001088       0x1c CMakeFiles/rp2040_visualiser.dir/home/john/.pico/pico-sdk/lib/tinyusb/src/device/usbd.c.o
                0x20001088                _usbd_qdef
 .data._usbd_rhport
                0x200010a4        0x1 CMakeFiles/rp2040_visualiser.dir/home/john/.pico/pico-sdk/lib/tinyusb/src/device/usbd.c.o
 *fill*         0x200010a5        0x3 
 .data.__atexit_recursive_mutex
                0x200010a8        0x4 /usr/lib/gcc/arm-none-eabi/14.2.0/../../../../arm-none-eabi/lib/thumb/v6-m/nofp/libg.a(libc_a-__call_atexit.o)
                0x200010a8                __atexit_recursive_mutex
                0x200010ac                        . = ALIGN (0x4)
 *(.after_data.*)
                0x200010ac                        . = ALIGN (0x4)
                0x200010ac                        PROVIDE (__mutex_array_start = .)
 *(SORT_BY_NAME(.mutex_array.*))
 *(.mutex_array)
 .mutex_array   0x200010ac        0x8 CMakeFiles/rp2040_visualiser.dir/home/john/.pico/pico-sdk/src/rp2_common/pico_stdio/stdio.c.o
                0x200010b4                        PROVIDE (__mutex_array_end = .)
                0x200010b4                        . = ALIGN (0x4)
 *(.jcr)
                0x200010b4                        . = ALIGN (0x4)

.igot.plt       0x200010b4        0x0 load address 0x1000658c
 .igot.plt      0x200010b4        0x0 /usr/lib/gcc/arm-none-eabi/14.2.0/thumb/v6-m/nofp/crtbegin.o

.tdata          0x200010b4        0x0 load address 0x1000658c
                0x200010b4                        . = ALIGN (0x4)
 *(.tdata .tdata.* .gnu.linkonce.td.*)
                0x200010b4                        __tdata_end = .
                0x200010b4                        PROVIDE (__data_end__ = .)
                0x10005598                        __etext = LOADADDR (.data)

.tbss           0x200010b4        0x0 load address 0x1000658c
                0x200010b4                        . = ALIGN (0x4)
                0x200010b4                        __bss_start__ = .
                0x200010b4                        __tls_base = .
 *(.tbss .tbss.* .gnu.linkonce.tb.*)
 *(.tcommon)
                0x200010b4                        __tls_end = .

.bss            0x200010b8     0x1098 load address 0x1000658c
                0x200010b8                        . = ALIGN (0x4)
                0x200010b8                        __tbss_end = .
 *(SORT_BY_ALIGNMENT(SORT_BY_NAME(.bss*)))
 .bss.default_alarm_pool_entries
                0x200010b8      0x180 CMakeFiles/rp2040_visualiser.dir/home/john/.pico/pico-sdk/src/common/pico_time/time.c.o
 .bss.last_avail_time.1
                0x20001238        0x8 CMakeFiles/rp2040_visualiser.dir/home/john/.pico/pico-sdk/src/rp2_common/pico_stdio_usb/stdio_usb.c.o
 .bss.sd_table  0x20001240      0x100 CMakeFiles/rp2040_visualiser.dir/home/john/.pico/pico-sdk/src/rp2_common/pico_double/double_init_rom_rp2040.c.o
                0x20001240                sd_table
 .bss.sf_table  0x20001340      0x100 CMakeFiles/rp2040_visualiser.dir/home/john/.pico/pico-sdk/src/rp2_common/pico_float/float_init_rom_rp2040.c.o
                0x20001340                sf_table
 .bss.__atexit  0x20001440        0x4 /usr/lib/gcc/arm-none-eabi/14.2.0/../../../../arm-none-eabi/lib/thumb/v6-m/nofp/libg.a(libc_a-__call_atexit.o)
                0x20001440                __atexit
 .bss.__atexit0
                0x20001444      0x190 /usr/lib/gcc/arm-none-eabi/14.2.0/../../../../arm-none-eabi/lib/thumb/v6-m/nofp/libg.a(libc_a-__atexit.o)
                0x20001444                __atexit0
 .bss.__lock___atexit_recursive_mutex
                0x200015d4        0x1 /usr/lib/gcc/arm-none-eabi/14.2.0/../../../../arm-none-eabi/lib/thumb/v6-m/nofp/libg.a(libc_a-lock.o)
                0x200015d4                __lock___atexit_recursive_mutex
 *fill*         0x200015d5        0x3 
 .bss._app_driver
                0x200015d8        0x4 CMakeFiles/rp2040_visualiser.dir/home/john/.pico/pico-sdk/lib/tinyusb/src/device/usbd.c.o
 .bss._cdcd_epbuf
                0x200015dc       0x80 CMakeFiles/rp2040_visualiser.dir/home/john/.pico/pico-sdk/lib/tinyusb/src/class/cdc/cdc_device.c.o
 .bss._cdcd_fifo_cfg
                0x2000165c        0x1 CMakeFiles/rp2040_visualiser.dir/home/john/.pico/pico-sdk/lib/tinyusb/src/class/cdc/cdc_device.c.o
 *fill*         0x2000165d        0x3 
 .bss._cdcd_itf
                0x20001660       0xc8 CMakeFiles/rp2040_visualiser.dir/home/john/.pico/pico-sdk/lib/tinyusb/src/class/cdc/cdc_device.c.o
 .bss._ctrl_epbuf
                0x20001728       0x40 CMakeFiles/rp2040_visualiser.dir/home/john/.pico/pico-sdk/lib/tinyusb/src/device/usbd_control.c.o
 .bss._ctrl_xfer
                0x20001768       0x14 CMakeFiles/rp2040_visualiser.dir/home/john/.pico/pico-sdk/lib/tinyusb/src/device/usbd_control.c.o
 .bss._tusb_rhport_role
                0x2000177c        0x2 CMakeFiles/rp2040_visualiser.dir/home/john/.pico/pico-sdk/lib/tinyusb/src/tusb.c.o
                0x2000177c                _tusb_rhport_role
 *fill*         0x2000177e        0x2 
 .bss._ubsd_mutexdef
                0x20001780        0x8 CMakeFiles/rp2040_visualiser.dir/home/john/.pico/pico-sdk/lib/tinyusb/src/device/usbd.c.o
 .bss._usbd_dev
                0x20001788       0x54 CMakeFiles/rp2040_visualiser.dir/home/john/.pico/pico-sdk/lib/tinyusb/src/device/usbd.c.o
 .bss._usbd_mutex
                0x200017dc        0x4 CMakeFiles/rp2040_visualiser.dir/home/john/.pico/pico-sdk/lib/tinyusb/src/device/usbd.c.o
 .bss._usbd_q   0x200017e0        0x4 CMakeFiles/rp2040_visualiser.dir/home/john/.pico/pico-sdk/lib/tinyusb/src/device/usbd.c.o
 .bss._usbd_qdef_buf
                0x200017e4       0xc0 CMakeFiles/rp2040_visualiser.dir/home/john/.pico/pico-sdk/lib/tinyusb/src/device/usbd.c.o
                0x200017e4                _usbd_qdef_buf
 .bss._vendord_epbuf
                0x200018a4       0x80 CMakeFiles/rp2040_visualiser.dir/home/john/.pico/pico-sdk/lib/tinyusb/src/class/vendor/vendor_device.c.o
 .bss._vendord_itf
                0x20001924      0x24c CMakeFiles/rp2040_visualiser.dir/home/john/.pico/pico-sdk/lib/tinyusb/src/class/vendor/vendor_device.c.o
 .bss.boot2_copyout
                0x20001b70      0x100 CMakeFiles/rp2040_visualiser.dir/home/john/.pico/pico-sdk/src/rp2_common/hardware_flash/flash.c.o
 .bss.chars_available_callback
                0x20001c70        0x4 CMakeFiles/rp2040_visualiser.dir/home/john/.pico/pico-sdk/src/rp2_common/pico_stdio_usb/stdio_usb.c.o
 .bss.chars_available_param
                0x20001c74        0x4 CMakeFiles/rp2040_visualiser.dir/home/john/.pico/pico-sdk/src/rp2_common/pico_stdio_usb/stdio_usb.c.o
 .bss.claimed   0x20001c78        0x4 CMakeFiles/rp2040_visualiser.dir/home/john/.pico/pico-sdk/src/rp2_common/hardware_sync/sync.c.o
 .bss.claimed   0x20001c7c        0x1 CMakeFiles/rp2040_visualiser.dir/home/john/.pico/pico-sdk/src/rp2_common/hardware_timer/timer.c.o
 *fill*         0x20001c7d        0x3 
 .bss.configured_freq
                0x20001c80       0x28 CMakeFiles/rp2040_visualiser.dir/home/john/.pico/pico-sdk/src/rp2_common/hardware_clocks/clocks.c.o
 .bss.desc_str.0
                0x20001ca8       0x28 CMakeFiles/rp2040_visualiser.dir/home/john/.pico/pico-sdk/src/rp2_common/pico_stdio_usb/stdio_usb_descriptors.c.o
 .bss.drivers   0x20001cd0        0x4 CMakeFiles/rp2040_visualiser.dir/home/john/.pico/pico-sdk/src/rp2_common/pico_stdio/stdio.c.o
 .bss.e15_last_sof
                0x20001cd4        0x4 CMakeFiles/rp2040_visualiser.dir/home/john/.pico/pico-sdk/lib/tinyusb/src/portable/raspberrypi/rp2040/rp2040_usb.c.o
                0x20001cd4                e15_last_sof
 .bss.filter    0x20001cd8        0x4 CMakeFiles/rp2040_visualiser.dir/home/john/.pico/pico-sdk/src/rp2_common/pico_stdio/stdio.c.o
 .bss.hw_endpoints
                0x20001cdc      0x400 CMakeFiles/rp2040_visualiser.dir/home/john/.pico/pico-sdk/lib/tinyusb/src/portable/raspberrypi/rp2040/dcd_rp2040.c.o
 .bss.lazy_vsnprintf
                0x200020dc        0x4 CMakeFiles/rp2040_visualiser.dir/home/john/.pico/pico-sdk/src/rp2_common/pico_printf/printf.c.o
 .bss.load_value
                0x200020e0        0x4 CMakeFiles/rp2040_visualiser.dir/home/john/.pico/pico-sdk/src/rp2_common/hardware_watchdog/watchdog.c.o
 .bss.next_buffer_ptr
                0x200020e4        0x4 CMakeFiles/rp2040_visualiser.dir/home/john/.pico/pico-sdk/lib/tinyusb/src/portable/raspberrypi/rp2040/dcd_rp2040.c.o
 .bss.object.0  0x200020e8       0x18 /usr/lib/gcc/arm-none-eabi/14.2.0/thumb/v6-m/nofp/crtbegin.o
 .bss.one_shot_timer_crit_sec
                0x20002100        0x8 CMakeFiles/rp2040_visualiser.dir/home/john/.pico/pico-sdk/src/rp2_common/pico_stdio_usb/stdio_usb.c.o
 .bss.pools     0x20002108       0x10 CMakeFiles/rp2040_visualiser.dir/home/john/.pico/pico-sdk/src/common/pico_time/time.c.o
 .bss.retrieved_id
                0x20002118        0x8 CMakeFiles/rp2040_visualiser.dir/home/john/.pico/pico-sdk/src/rp2_common/pico_unique_id/unique_id.c.o
 .bss.sf_clz_func
                0x20002120        0x4 CMakeFiles/rp2040_visualiser.dir/home/john/.pico/pico-sdk/src/rp2_common/pico_double/double_init_rom_rp2040.c.o
                0x20002120                sf_clz_func
 .bss.sleep_notifier
                0x20002124        0x4 CMakeFiles/rp2040_visualiser.dir/home/john/.pico/pico-sdk/src/common/pico_time/time.c.o
 .bss.stdio_usb_mutex
                0x20002128        0x8 CMakeFiles/rp2040_visualiser.dir/home/john/.pico/pico-sdk/src/rp2_common/pico_stdio_usb/stdio_usb.c.o
 .bss.uart_char_to_line_feed
                0x20002130        0x4 CMakeFiles/rp2040_visualiser.dir/home/john/.pico/pico-sdk/src/rp2_common/hardware_uart/uart.c.o
                0x20002130                uart_char_to_line_feed
 .bss.usbd_serial_str
                0x20002134       0x11 CMakeFiles/rp2040_visualiser.dir/home/john/.pico/pico-sdk/src/rp2_common/pico_stdio_usb/stdio_usb_descriptors.c.o
 .bss._app_driver_count
                0x20002145        0x1 CMakeFiles/rp2040_visualiser.dir/home/john/.pico/pico-sdk/lib/tinyusb/src/device/usbd.c.o
 .bss._sof_enable
                0x20002146        0x1 CMakeFiles/rp2040_visualiser.dir/home/john/.pico/pico-sdk/lib/tinyusb/src/portable/raspberrypi/rp2040/dcd_rp2040.c.o
 .bss._usbd_queued_setup
                0x20002147        0x1 CMakeFiles/rp2040_visualiser.dir/home/john/.pico/pico-sdk/lib/tinyusb/src/device/usbd.c.o
 .bss.boot2_copyout_valid
                0x20002148        0x1 CMakeFiles/rp2040_visualiser.dir/home/john/.pico/pico-sdk/src/rp2_common/hardware_flash/flash.c.o
 .bss.irq_handler_chain_free_slot_head
                0x20002149        0x1 CMakeFiles/rp2040_visualiser.dir/home/john/.pico/pico-sdk/src/rp2_common/hardware_irq/irq.c.o
 .bss.itf_num   0x2000214a        0x1 CMakeFiles/rp2040_visualiser.dir/home/john/.pico/pico-sdk/src/rp2_common/pico_stdio_usb/reset_interface.c.o
 .bss.low_priority_irq_num
                0x2000214b        0x1 CMakeFiles/rp2040_visualiser.dir/home/john/.pico/pico-sdk/src/rp2_common/pico_stdio_usb/stdio_usb.c.o
 .bss.one_shot_timer_pending
                0x2000214c        0x1 CMakeFiles/rp2040_visualiser.dir/home/john/.pico/pico-sdk/src/rp2_common/pico_stdio_usb/stdio_usb.c.o
 .bss.user_irq_claimed
                0x2000214d        0x1 CMakeFiles/rp2040_visualiser.dir/home/john/.pico/pico-sdk/src/rp2_common/hardware_irq/irq.c.o
 *(COMMON)
                0x20002150                        . = ALIGN (0x4)
 *fill*         0x2000214e        0x2 
                0x20002150                        __bss_end__ = .

.heap           0x20002150      0x800 load address 0x1000658c
                0x20002150                        __end__ = .
                0x20002150                        end = __end__
 *(.heap*)
 .heap          0x20002150      0x800 CMakeFiles/rp2040_visualiser.dir/home/john/.pico/pico-sdk/src/rp2_common/pico_crt0/crt0.S.o
                0x20040000                        __HeapLimit = (ORIGIN (RAM) + LENGTH (RAM))

.scratch_x      0x20040000        0x0 load address 0x1000658c
                0x20040000                        __scratch_x_start__ = .
 *(.scratch_x.*)
                0x20040000                        . = ALIGN (0x4)
                0x20040000                        __scratch_x_end__ = .
                0x1000658c                        __scratch_x_source__ = LOADADDR (.scratch_x)

.scratch_y      0x20041000        0x0 load address 0x1000658c
                0x20041000                        __scratch_y_start__ = .
 *(.scratch_y.*)
                0x20041000                        . = ALIGN (0x4)
                0x20041000                        __scratch_y_end__ = .
                0x1000658c                        __scratch_y_source__ = LOADADDR (.scratch_y)

.stack1_dummy
 *(.stack1*)

.stack_dummy    0x20041000      0x800
 *(.stack*)
 .stack         0x20041000      0x800 CMakeFiles/rp2040_visualiser.dir/home/john/.pico/pico-sdk/src/rp2_common/pico_crt0/crt0.S.o

.rel.dyn        0x20041800        0x0
 .rel.iplt      0x20041800        0x0 /usr/lib/gcc/arm-none-eabi/14.2.0/thumb/v6-m/nofp/crtbegin.o

.flash_end      0x1000658c        0x0
 *(.embedded_end_block*)
                0x1000658c                        PROVIDE (__flash_binary_end = .)
                0x20040000                        __StackLimit = (ORIGIN (RAM) + LENGTH (RAM))
                0x20041000                        __StackOneTop = (ORIGIN (SCRATCH_X) + LENGTH (SCRATCH_X))
                0x20042000                        __StackTop = (ORIGIN (SCRATCH_Y) + LENGTH (SCRATCH_Y))
                0x20041000                        __StackOneBottom = (__StackOneTop - SIZEOF (.stack1_dummy))
                0x20041800                        __StackBottom = (__StackTop - SIZEOF (.stack_dummy))
                0x20042000                        PROVIDE (__stack = __StackTop)
                [!provide]                        PROVIDE (__heap_start = __end__)
                [!provide]                        PROVIDE (__heap_end = __HeapLimit)
                [!provide]                        PROVIDE (__tls_align = MAX (ALIGNOF (.tdata), ALIGNOF (.tbss)))
                [!provide]                        PROVIDE (__tls_size_align = (((__tls_size + __tls_align) - 0x1) & ~ ((__tls_align - 0x1))))
                [!provide]                        PROVIDE (__arm32_tls_tcb_offset = MAX (0x8, __tls_align))
                [!provide]                        PROVIDE (_end = __end__)
                [!provide]                        PROVIDE (__llvm_libc_heap_limit = __HeapLimit)
                0x00000001                        ASSERT ((__StackLimit >= __HeapLimit), region RAM overflowed)
                0x00000001                        ASSERT (((__binary_info_header_end - __logical_binary_start) <= 0x100), Binary info must be in first 256 bytes of the binary)
LOAD CMakeFiles/rp2040_visualiser.dir/rp2040_visualiser.c.o
LOAD CMakeFiles/rp2040_visualiser.dir/home/john/.pico/pico-sdk/src/rp2_common/pico_stdlib/stdlib.c.o
LOAD CMakeFiles/rp2040_visualiser.dir/home/john/.pico/pico-sdk/src/rp2_common/hardware_gpio/gpio.c.o
LOAD CMakeFiles/rp2040_visualiser.dir/home/john/.pico/pico-sdk/src/rp2040/pico_platform/platform.c.o
LOAD CMakeFiles/rp2040_visualiser.dir/home/john/.pico/pico-sdk/src/rp2_common/pico_platform_common/common.c.o
LOAD CMakeFiles/rp2040_visualiser.dir/home/john/.pico/pico-sdk/src/rp2_common/pico_platform_panic/panic.c.o
LOAD CMakeFiles/rp2040_visualiser.dir/home/john/.pico/pico-sdk/src/common/hardware_claim/claim.c.o
LOAD CMakeFiles/rp2040_visualiser.dir/home/john/.pico/pico-sdk/src/rp2_common/hardware_sync/sync.c.o
LOAD CMakeFiles/rp2040_visualiser.dir/home/john/.pico/pico-sdk/src/rp2_common/hardware_sync_spin_lock/sync_spin_lock.c.o
LOAD CMakeFiles/rp2040_visualiser.dir/home/john/.pico/pico-sdk/src/rp2_common/hardware_irq/irq.c.o
LOAD CMakeFiles/rp2040_visualiser.dir/home/john/.pico/pico-sdk/src/rp2_common/hardware_irq/irq_handler_chain.S.o
LOAD CMakeFiles/rp2040_visualiser.dir/home/john/.pico/pico-sdk/src/common/pico_sync/sem.c.o
LOAD CMakeFiles/rp2040_visualiser.dir/home/john/.pico/pico-sdk/src/common/pico_sync/lock_core.c.o
LOAD CMakeFiles/rp2040_visualiser.dir/home/john/.pico/pico-sdk/src/common/pico_sync/mutex.c.o
LOAD CMakeFiles/rp2040_visualiser.dir/home/john/.pico/pico-sdk/src/common/pico_sync/critical_section.c.o
LOAD CMakeFiles/rp2040_visualiser.dir/home/john/.pico/pico-sdk/src/common/pico_time/time.c.o
LOAD CMakeFiles/rp2040_visualiser.dir/home/john/.pico/pico-sdk/src/common/pico_time/timeout_helper.c.o
LOAD CMakeFiles/rp2040_visualiser.dir/home/john/.pico/pico-sdk/src/rp2_common/hardware_timer/timer.c.o
LOAD CMakeFiles/rp2040_visualiser.dir/home/john/.pico/pico-sdk/src/common/pico_util/datetime.c.o
LOAD CMakeFiles/rp2040_visualiser.dir/home/john/.pico/pico-sdk/src/common/pico_util/pheap.c.o
LOAD CMakeFiles/rp2040_visualiser.dir/home/john/.pico/pico-sdk/src/common/pico_util/queue.c.o
LOAD CMakeFiles/rp2040_visualiser.dir/home/john/.pico/pico-sdk/src/rp2_common/hardware_uart/uart.c.o
LOAD CMakeFiles/rp2040_visualiser.dir/home/john/.pico/pico-sdk/src/rp2_common/hardware_clocks/clocks.c.o
LOAD CMakeFiles/rp2040_visualiser.dir/home/john/.pico/pico-sdk/src/rp2_common/hardware_pll/pll.c.o
LOAD CMakeFiles/rp2040_visualiser.dir/home/john/.pico/pico-sdk/src/rp2_common/hardware_vreg/vreg.c.o
LOAD CMakeFiles/rp2040_visualiser.dir/home/john/.pico/pico-sdk/src/rp2_common/hardware_watchdog/watchdog.c.o
LOAD CMakeFiles/rp2040_visualiser.dir/home/john/.pico/pico-sdk/src/rp2_common/hardware_ticks/ticks.c.o
LOAD CMakeFiles/rp2040_visualiser.dir/home/john/.pico/pico-sdk/src/rp2_common/pico_bootrom/bootrom.c.o
LOAD CMakeFiles/rp2040_visualiser.dir/home/john/.pico/pico-sdk/src/rp2_common/pico_bootrom/bootrom_lock.c.o
LOAD CMakeFiles/rp2040_visualiser.dir/home/john/.pico/pico-sdk/src/rp2_common/hardware_boot_lock/boot_lock.c.o
LOAD CMakeFiles/rp2040_visualiser.dir/home/john/.pico/pico-sdk/src/rp2_common/pico_flash/flash.c.o
LOAD CMakeFiles/rp2040_visualiser.dir/home/john/.pico/pico-sdk/src/rp2_common/hardware_xosc/xosc.c.o
LOAD CMakeFiles/rp2040_visualiser.dir/home/john/.pico/pico-sdk/src/rp2_common/hardware_divider/divider.S.o
LOAD CMakeFiles/rp2040_visualiser.dir/home/john/.pico/pico-sdk/src/rp2_common/pico_runtime/runtime.c.o
LOAD CMakeFiles/rp2040_visualiser.dir/home/john/.pico/pico-sdk/src/rp2_common/pico_runtime_init/runtime_init.c.o
LOAD CMakeFiles/rp2040_visualiser.dir/home/john/.pico/pico-sdk/src/rp2_common/pico_runtime_init/runtime_init_clocks.c.o
LOAD CMakeFiles/rp2040_visualiser.dir/home/john/.pico/pico-sdk/src/rp2_common/pico_runtime_init/runtime_init_stack_guard.c.o
LOAD CMakeFiles/rp2040_visualiser.dir/home/john/.pico/pico-sdk/src/rp2_common/pico_bit_ops/bit_ops_aeabi.S.o
LOAD CMakeFiles/rp2040_visualiser.dir/home/john/.pico/pico-sdk/src/rp2_common/pico_divider/divider_hardware.S.o
LOAD CMakeFiles/rp2040_visualiser.dir/home/john/.pico/pico-sdk/src/rp2_common/pico_double/double_aeabi_rp2040.S.o
LOAD CMakeFiles/rp2040_visualiser.dir/home/john/.pico/pico-sdk/src/rp2_common/pico_double/double_init_rom_rp2040.c.o
LOAD CMakeFiles/rp2040_visualiser.dir/home/john/.pico/pico-sdk/src/rp2_common/pico_double/double_math.c.o
LOAD CMakeFiles/rp2040_visualiser.dir/home/john/.pico/pico-sdk/src/rp2_common/pico_double/double_v1_rom_shim_rp2040.S.o
LOAD CMakeFiles/rp2040_visualiser.dir/home/john/.pico/pico-sdk/src/rp2_common/pico_int64_ops/pico_int64_ops_aeabi.S.o
LOAD CMakeFiles/rp2040_visualiser.dir/home/john/.pico/pico-sdk/src/rp2_common/pico_float/float_aeabi_rp2040.S.o
LOAD CMakeFiles/rp2040_visualiser.dir/home/john/.pico/pico-sdk/src/rp2_common/pico_float/float_init_rom_rp2040.c.o
LOAD CMakeFiles/rp2040_visualiser.dir/home/john/.pico/pico-sdk/src/rp2_common/pico_float/float_math.c.o
LOAD CMakeFiles/rp2040_visualiser.dir/home/john/.pico/pico-sdk/src/rp2_common/pico_float/float_v1_rom_shim_rp2040.S.o
LOAD CMakeFiles/rp2040_visualiser.dir/home/john/.pico/pico-sdk/src/rp2_common/pico_malloc/malloc.c.o
LOAD CMakeFiles/rp2040_visualiser.dir/home/john/.pico/pico-sdk/src/rp2_common/pico_mem_ops/mem_ops_aeabi.S.o
LOAD CMakeFiles/rp2040_visualiser.dir/home/john/.pico/pico-sdk/src/rp2_common/pico_atomic/atomic.c.o
LOAD CMakeFiles/rp2040_visualiser.dir/home/john/.pico/pico-sdk/src/rp2_common/pico_cxx_options/new_delete.cpp.o
LOAD CMakeFiles/rp2040_visualiser.dir/home/john/.pico/pico-sdk/src/rp2_common/pico_standard_binary_info/standard_binary_info.c.o
LOAD CMakeFiles/rp2040_visualiser.dir/home/john/.pico/pico-sdk/src/rp2_common/pico_printf/printf.c.o
LOAD CMakeFiles/rp2040_visualiser.dir/home/john/.pico/pico-sdk/src/rp2_common/pico_crt0/crt0.S.o
LOAD CMakeFiles/rp2040_visualiser.dir/home/john/.pico/pico-sdk/src/rp2_common/pico_clib_interface/newlib_interface.c.o
LOAD CMakeFiles/rp2040_visualiser.dir/home/john/.pico/pico-sdk/src/rp2_common/pico_stdio/stdio.c.o
LOAD CMakeFiles/rp2040_visualiser.dir/home/john/.pico/pico-sdk/src/rp2_common/pico_stdio_usb/reset_interface.c.o
LOAD CMakeFiles/rp2040_visualiser.dir/home/john/.pico/pico-sdk/src/rp2_common/pico_stdio_usb/stdio_usb.c.o
LOAD CMakeFiles/rp2040_visualiser.dir/home/john/.pico/pico-sdk/src/rp2_common/pico_stdio_usb/stdio_usb_descriptors.c.o
LOAD CMakeFiles/rp2040_visualiser.dir/home/john/.pico/pico-sdk/src/rp2_common/pico_unique_id/unique_id.c.o
LOAD CMakeFiles/rp2040_visualiser.dir/home/john/.pico/pico-sdk/src/rp2_common/hardware_flash/flash.c.o
LOAD CMakeFiles/rp2040_visualiser.dir/home/john/.pico/pico-sdk/src/rp2_common/hardware_xip_cache/xip_cache.c.o
LOAD CMakeFiles/rp2040_visualiser.dir/home/john/.pico/pico-sdk/lib/tinyusb/src/portable/raspberrypi/rp2040/dcd_rp2040.c.o
LOAD CMakeFiles/rp2040_visualiser.dir/home/john/.pico/pico-sdk/lib/tinyusb/src/portable/raspberrypi/rp2040/rp2040_usb.c.o
LOAD CMakeFiles/rp2040_visualiser.dir/home/john/.pico/pico-sdk/lib/tinyusb/src/device/usbd.c.o
LOAD CMakeFiles/rp2040_visualiser.dir/home/john/.pico/pico-sdk/lib/tinyusb/src/device/usbd_control.c.o
LOAD CMakeFiles/rp2040_visualiser.dir/home/john/.pico/pico-sdk/lib/tinyusb/src/class/audio/audio_device.c.o
LOAD CMakeFiles/rp2040_visualiser.dir/home/john/.pico/pico-sdk/lib/tinyusb/src/class/cdc/cdc_device.c.o
LOAD CMakeFiles/rp2040_visualiser.dir/home/john/.pico/pico-sdk/lib/tinyusb/src/class/dfu/dfu_device.c.o
LOAD CMakeFiles/rp2040_visualiser.dir/home/john/.pico/pico-sdk/lib/tinyusb/src/class/dfu/dfu_rt_device.c.o
LOAD CMakeFiles/rp2040_visualiser.dir/home/john/.pico/pico-sdk/lib/tinyusb/src/class/hid/hid_device.c.o
LOAD CMakeFiles/rp2040_visualiser.dir/home/john/.pico/pico-sdk/lib/tinyusb/src/class/midi/midi_device.c.o
LOAD CMakeFiles/rp2040_visualiser.dir/home/john/.pico/pico-sdk/lib/tinyusb/src/class/msc/msc_device.c.o
LOAD CMakeFiles/rp2040_visualiser.dir/home/john/.pico/pico-sdk/lib/tinyusb/src/class/net/ecm_rndis_device.c.o
LOAD CMakeFiles/rp2040_visualiser.dir/home/john/.pico/pico-sdk/lib/tinyusb/src/class/net/ncm_device.c.o
LOAD CMakeFiles/rp2040_visualiser.dir/home/john/.pico/pico-sdk/lib/tinyusb/src/class/usbtmc/usbtmc_device.c.o
LOAD CMakeFiles/rp2040_visualiser.dir/home/john/.pico/pico-sdk/lib/tinyusb/src/class/vendor/vendor_device.c.o
LOAD CMakeFiles/rp2040_visualiser.dir/home/john/.pico/pico-sdk/lib/tinyusb/src/class/video/video_device.c.o
LOAD CMakeFiles/rp2040_visualiser.dir/home/john/.pico/pico-sdk/lib/tinyusb/src/tusb.c.o
LOAD CMakeFiles/rp2040_visualiser.dir/home/john/.pico/pico-sdk/lib/tinyusb/src/common/tusb_fifo.c.o
LOAD CMakeFiles/rp2040_visualiser.dir/home/john/.pico/pico-sdk/src/rp2_common/pico_fix/rp2040_usb_device_enumeration/rp2040_usb_device_enumeration.c.o
LOAD pico-sdk/src/rp2040/boot_stage2/CMakeFiles/bs2_default_library.dir/bs2_default_padded_checksummed.S.o
LOAD /usr/lib/gcc/arm-none-eabi/14.2.0/../../../../arm-none-eabi/lib/thumb/v6-m/nofp/libstdc++.a
LOAD /usr/lib/gcc/arm-none-eabi/14.2.0/../../../../arm-none-eabi/lib/thumb/v6-m/nofp/libm.a
START GROUP
LOAD /usr/lib/gcc/arm-none-eabi/14.2.0/thumb/v6-m/nofp/libgcc.a
LOAD /usr/lib/gcc/arm-none-eabi/14.2.0/../../../../arm-none-eabi/lib/thumb/v6-m/nofp/libg.a
LOAD /usr/lib/gcc/arm-none-eabi/14.2.0/../../../../arm-none-eabi/lib/thumb/v6-m/nofp/libc.a
END GROUP
START GROUP
LOAD /usr/lib/gcc/arm-none-eabi/14.2.0/thumb/v6-m/nofp/libgcc.a
LOAD /usr/lib/gcc/arm-none-eabi/14.2.0/../../../../arm-none-eabi/lib/thumb/v6-m/nofp/libc.a
LOAD /usr/lib/gcc/arm-none-eabi/14.2.0/../../../../arm-none-eabi/lib/thumb/v6-m/nofp/libnosys.a
END GROUP
LOAD /usr/lib/gcc/arm-none-eabi/14.2.0/thumb/v6-m/nofp/crtend.o
LOAD /usr/lib/gcc/arm-none-eabi/14.2.0/thumb/v6-m/nofp/crtn.o
OUTPUT(rp2040_visualiser.elf elf32-littlearm)
LOAD linker stubs

.ARM.attributes
                0x00000000       0x28
 .ARM.attributes